Archive member included to satisfy reference by file (symbol)

/home/fbar/gcc-arm-none-eabi-8-2018-q4-major/bin/../lib/gcc/arm-none-eabi/8.2.1/../../../../arm-none-eabi/lib/thumb/v7e-m/nofp/libc_nano.a(lib_a-ctype_.o)
                              _build/nrf52810_xxaa/nrf_log_str_formatter.c.o (_ctype_)
/home/fbar/gcc-arm-none-eabi-8-2018-q4-major/bin/../lib/gcc/arm-none-eabi/8.2.1/../../../../arm-none-eabi/lib/thumb/v7e-m/nofp/libc_nano.a(lib_a-exit.o)
                              /home/fbar/gcc-arm-none-eabi-8-2018-q4-major/bin/../lib/gcc/arm-none-eabi/8.2.1/../../../../arm-none-eabi/lib/thumb/v7e-m/nofp/crt0.o (exit)
/home/fbar/gcc-arm-none-eabi-8-2018-q4-major/bin/../lib/gcc/arm-none-eabi/8.2.1/../../../../arm-none-eabi/lib/thumb/v7e-m/nofp/libc_nano.a(lib_a-impure.o)
                              /home/fbar/gcc-arm-none-eabi-8-2018-q4-major/bin/../lib/gcc/arm-none-eabi/8.2.1/../../../../arm-none-eabi/lib/thumb/v7e-m/nofp/libc_nano.a(lib_a-exit.o) (_global_impure_ptr)
/home/fbar/gcc-arm-none-eabi-8-2018-q4-major/bin/../lib/gcc/arm-none-eabi/8.2.1/../../../../arm-none-eabi/lib/thumb/v7e-m/nofp/libc_nano.a(lib_a-init.o)
                              /home/fbar/gcc-arm-none-eabi-8-2018-q4-major/bin/../lib/gcc/arm-none-eabi/8.2.1/../../../../arm-none-eabi/lib/thumb/v7e-m/nofp/crt0.o (__libc_init_array)
/home/fbar/gcc-arm-none-eabi-8-2018-q4-major/bin/../lib/gcc/arm-none-eabi/8.2.1/../../../../arm-none-eabi/lib/thumb/v7e-m/nofp/libc_nano.a(lib_a-memcmp.o)
                              _build/nrf52810_xxaa/ble_advdata.c.o (memcmp)
/home/fbar/gcc-arm-none-eabi-8-2018-q4-major/bin/../lib/gcc/arm-none-eabi/8.2.1/../../../../arm-none-eabi/lib/thumb/v7e-m/nofp/libc_nano.a(lib_a-memcpy-stub.o)
                              _build/nrf52810_xxaa/nrf_log_frontend.c.o (memcpy)
/home/fbar/gcc-arm-none-eabi-8-2018-q4-major/bin/../lib/gcc/arm-none-eabi/8.2.1/../../../../arm-none-eabi/lib/thumb/v7e-m/nofp/libc_nano.a(lib_a-memset.o)
                              /home/fbar/gcc-arm-none-eabi-8-2018-q4-major/bin/../lib/gcc/arm-none-eabi/8.2.1/../../../../arm-none-eabi/lib/thumb/v7e-m/nofp/crt0.o (memset)
/home/fbar/gcc-arm-none-eabi-8-2018-q4-major/bin/../lib/gcc/arm-none-eabi/8.2.1/../../../../arm-none-eabi/lib/thumb/v7e-m/nofp/libc_nano.a(lib_a-strcpy.o)
                              _build/nrf52810_xxaa/SEGGER_RTT.c.o (strcpy)
/home/fbar/gcc-arm-none-eabi-8-2018-q4-major/bin/../lib/gcc/arm-none-eabi/8.2.1/../../../../arm-none-eabi/lib/thumb/v7e-m/nofp/libc_nano.a(lib_a-strlen.o)
                              _build/nrf52810_xxaa/nrf_log_frontend.c.o (strlen)
/home/fbar/gcc-arm-none-eabi-8-2018-q4-major/bin/../lib/gcc/arm-none-eabi/8.2.1/../../../../arm-none-eabi/lib/thumb/v7e-m/nofp/libnosys.a(_exit.o)
                              /home/fbar/gcc-arm-none-eabi-8-2018-q4-major/bin/../lib/gcc/arm-none-eabi/8.2.1/../../../../arm-none-eabi/lib/thumb/v7e-m/nofp/libc_nano.a(lib_a-exit.o) (_exit)
/home/fbar/gcc-arm-none-eabi-8-2018-q4-major/bin/../lib/gcc/arm-none-eabi/8.2.1/thumb/v7e-m/nofp/libgcc.a(_aeabi_ldivmod.o)
                              _build/nrf52810_xxaa/bsp.c.o (__aeabi_ldivmod)
/home/fbar/gcc-arm-none-eabi-8-2018-q4-major/bin/../lib/gcc/arm-none-eabi/8.2.1/thumb/v7e-m/nofp/libgcc.a(_aeabi_uldivmod.o)
                              _build/nrf52810_xxaa/bsp.c.o (__aeabi_uldivmod)
/home/fbar/gcc-arm-none-eabi-8-2018-q4-major/bin/../lib/gcc/arm-none-eabi/8.2.1/thumb/v7e-m/nofp/libgcc.a(_udivmoddi4.o)
                              /home/fbar/gcc-arm-none-eabi-8-2018-q4-major/bin/../lib/gcc/arm-none-eabi/8.2.1/thumb/v7e-m/nofp/libgcc.a(_aeabi_ldivmod.o) (__udivmoddi4)
/home/fbar/gcc-arm-none-eabi-8-2018-q4-major/bin/../lib/gcc/arm-none-eabi/8.2.1/thumb/v7e-m/nofp/libgcc.a(_dvmd_tls.o)
                              /home/fbar/gcc-arm-none-eabi-8-2018-q4-major/bin/../lib/gcc/arm-none-eabi/8.2.1/thumb/v7e-m/nofp/libgcc.a(_aeabi_ldivmod.o) (__aeabi_ldiv0)

Allocating common symbols
Common symbol       size              file

nrf_nvic_state      0xc               _build/nrf52810_xxaa/app_util_platform.c.o
nrf_drv_uart_use_easy_dma
                    0x1               _build/nrf52810_xxaa/nrf_drv_uart.c.o
_SEGGER_RTT         0x78              _build/nrf52810_xxaa/SEGGER_RTT.c.o

Discarded input sections

 .text          0x0000000000000000        0x0 /home/fbar/gcc-arm-none-eabi-8-2018-q4-major/bin/../lib/gcc/arm-none-eabi/8.2.1/thumb/v7e-m/nofp/crti.o
 .data          0x0000000000000000        0x0 /home/fbar/gcc-arm-none-eabi-8-2018-q4-major/bin/../lib/gcc/arm-none-eabi/8.2.1/thumb/v7e-m/nofp/crti.o
 .bss           0x0000000000000000        0x0 /home/fbar/gcc-arm-none-eabi-8-2018-q4-major/bin/../lib/gcc/arm-none-eabi/8.2.1/thumb/v7e-m/nofp/crti.o
 .data          0x0000000000000000        0x4 /home/fbar/gcc-arm-none-eabi-8-2018-q4-major/bin/../lib/gcc/arm-none-eabi/8.2.1/thumb/v7e-m/nofp/crtbegin.o
[...]
Memory Configuration

Name             Origin             Length             Attributes
FLASH            0x0000000000019000 0x0000000000017000 xr
RAM              0x0000000020002500 0x0000000000003b00 xrw
*default*        0x0000000000000000 0xffffffffffffffff

Linker script and memory map


.text           0x0000000000019000     0x6104
 *(.isr_vector)
 .isr_vector    0x0000000000019000      0x200 _build/nrf52810_xxaa/gcc_startup_nrf52810.S.o
                0x0000000000019000                __isr_vector
 *(.text*)
 .text          0x0000000000019200       0x40 /home/fbar/gcc-arm-none-eabi-8-2018-q4-major/bin/../lib/gcc/arm-none-eabi/8.2.1/thumb/v7e-m/nofp/crtbegin.o
 .text          0x0000000000019240       0x74 /home/fbar/gcc-arm-none-eabi-8-2018-q4-major/bin/../lib/gcc/arm-none-eabi/8.2.1/../../../../arm-none-eabi/lib/thumb/v7e-m/nofp/crt0.o
                0x0000000000019240                _mainCRTStartup
                0x0000000000019240                _start
 .text          0x00000000000192b4       0x3c _build/nrf52810_xxaa/gcc_startup_nrf52810.S.o
                0x00000000000192b4                Reset_Handler
                0x00000000000192dc                NMI_Handler
                0x00000000000192de                HardFault_Handler
                0x00000000000192e0                MemoryManagement_Handler
                0x00000000000192e2                BusFault_Handler
                0x00000000000192e4                UsageFault_Handler
                0x00000000000192e6                SVC_Handler
                0x00000000000192e8                DebugMon_Handler
                0x00000000000192ea                PendSV_Handler
                0x00000000000192ec                SysTick_Handler
                0x00000000000192ee                TIMER2_IRQHandler
                0x00000000000192ee                RTC0_IRQHandler
                0x00000000000192ee                RADIO_IRQHandler
                0x00000000000192ee                PDM_IRQHandler
                0x00000000000192ee                SWI4_IRQHandler
                0x00000000000192ee                TEMP_IRQHandler
                0x00000000000192ee                QDEC_IRQHandler
                0x00000000000192ee                SWI5_IRQHandler
                0x00000000000192ee                TIMER0_IRQHandler
                0x00000000000192ee                TIMER1_IRQHandler
                0x00000000000192ee                ECB_IRQHandler
                0x00000000000192ee                Default_Handler
                0x00000000000192ee                SWI3_IRQHandler
                0x00000000000192ee                SAADC_IRQHandler
                0x00000000000192ee                CCM_AAR_IRQHandler
                0x00000000000192ee                WDT_IRQHandler
                0x00000000000192ee                RNG_IRQHandler
                0x00000000000192ee                COMP_IRQHandler
                0x00000000000192ee                PWM0_IRQHandler
                0x00000000000192ee                SWI1_EGU1_IRQHandler
 .text.nrf_log_backend_rtt_flush
                0x00000000000192f0        0x2 _build/nrf52810_xxaa/nrf_log_backend_rtt.c.o
 *fill*         0x00000000000192f2        0x2 
 .text.nrf_log_backend_rtt_put
                0x00000000000192f4       0x1c _build/nrf52810_xxaa/nrf_log_backend_rtt.c.o
 .text.serial_tx
                0x0000000000019310       0x50 _build/nrf52810_xxaa/nrf_log_backend_rtt.c.o
 .text.nrf_log_backend_rtt_panic_set
                0x0000000000019360        0x2 _build/nrf52810_xxaa/nrf_log_backend_rtt.c.o
 .text.nrf_log_backend_serial_put
                0x0000000000019362       0xc0 _build/nrf52810_xxaa/nrf_log_backend_serial.c.o
                0x0000000000019362                nrf_log_backend_serial_put
 .text.invalid_packets_omit
                0x0000000000019422       0x3a _build/nrf52810_xxaa/nrf_log_frontend.c.o
 .text.buf_prealloc
                0x000000000001945c      0x138 _build/nrf52810_xxaa/nrf_log_frontend.c.o
 .text.nrf_log_module_name_get
                0x0000000000019594       0x38 _build/nrf52810_xxaa/nrf_log_frontend.c.o
                0x0000000000019594                nrf_log_module_name_get
 .text.nrf_log_color_id_get
                0x00000000000195cc       0x2c _build/nrf52810_xxaa/nrf_log_frontend.c.o
                0x00000000000195cc                nrf_log_color_id_get
 .text.buffer_is_empty
                0x00000000000195f8       0x14 _build/nrf52810_xxaa/nrf_log_frontend.c.o
                0x00000000000195f8                buffer_is_empty
 .text.nrf_log_frontend_dequeue
                0x000000000001960c      0x224 _build/nrf52810_xxaa/nrf_log_frontend.c.o
                0x000000000001960c                nrf_log_frontend_dequeue
 .text.std_n    0x0000000000019830       0xb0 _build/nrf52810_xxaa/nrf_log_frontend.c.o
 .text.nrf_log_frontend_std_0
                0x00000000000198e0        0x8 _build/nrf52810_xxaa/nrf_log_frontend.c.o
                0x00000000000198e0                nrf_log_frontend_std_0
 .text.nrf_log_frontend_std_1
                0x00000000000198e8       0x12 _build/nrf52810_xxaa/nrf_log_frontend.c.o
                0x00000000000198e8                nrf_log_frontend_std_1
 .text.nrf_log_frontend_std_2
                0x00000000000198fa       0x14 _build/nrf52810_xxaa/nrf_log_frontend.c.o
                0x00000000000198fa                nrf_log_frontend_std_2
 *fill*         0x000000000001990e        0x2 
 .text.nrf_log_panic
                0x0000000000019910       0x2c _build/nrf52810_xxaa/nrf_log_frontend.c.o
                0x0000000000019910                nrf_log_panic
 .text.postfix_process
                0x000000000001993c       0x3c _build/nrf52810_xxaa/nrf_log_str_formatter.c.o
 .text.prefix_process
                0x0000000000019978       0x78 _build/nrf52810_xxaa/nrf_log_str_formatter.c.o
 .text.nrf_log_std_entry_process
                0x00000000000199f0       0xc8 _build/nrf52810_xxaa/nrf_log_str_formatter.c.o
                0x00000000000199f0                nrf_log_std_entry_process
 .text.nrf_log_hexdump_entry_process
                0x0000000000019ab8       0xbc _build/nrf52810_xxaa/nrf_log_str_formatter.c.o
                0x0000000000019ab8                nrf_log_hexdump_entry_process
 .text.app_error_handler_bare
                0x0000000000019b74       0x1a _build/nrf52810_xxaa/app_error.c.o
                0x0000000000019b74                app_error_handler_bare
 *fill*         0x0000000000019b8e        0x2 
 .text.app_error_fault_handler
                0x0000000000019b90       0x70 _build/nrf52810_xxaa/app_error_weak.c.o
                0x0000000000019b90                app_error_fault_handler
 .text.user_op_alloc
                0x0000000000019c00       0x2c _build/nrf52810_xxaa/app_timer.c.o
 .text.timer_stop_op_schedule
                0x0000000000019c2c       0x50 _build/nrf52810_xxaa/app_timer.c.o
 .text.nrfx_coredep_delay_us.part.0.constprop.4
                0x0000000000019c7c       0x10 _build/nrf52810_xxaa/app_timer.c.o
 .text.rtc1_stop
                0x0000000000019c8c       0x44 _build/nrf52810_xxaa/app_timer.c.o
 .text.RTC1_IRQHandler
                0x0000000000019cd0       0x9c _build/nrf52810_xxaa/app_timer.c.o
                0x0000000000019cd0                RTC1_IRQHandler
 .text.SWI0_EGU0_IRQHandler
                0x0000000000019d6c      0x2b4 _build/nrf52810_xxaa/app_timer.c.o
                0x0000000000019d6c                SWI0_EGU0_IRQHandler
 .text.app_timer_init
                0x000000000001a020       0x60 _build/nrf52810_xxaa/app_timer.c.o
                0x000000000001a020                app_timer_init
 .text.app_timer_create
                0x000000000001a080       0x24 _build/nrf52810_xxaa/app_timer.c.o
                0x000000000001a080                app_timer_create
 .text.app_timer_start
                0x000000000001a0a4       0x8c _build/nrf52810_xxaa/app_timer.c.o
                0x000000000001a0a4                app_timer_start
 .text.app_timer_stop
                0x000000000001a130       0x20 _build/nrf52810_xxaa/app_timer.c.o
                0x000000000001a130                app_timer_stop
 .text.app_util_critical_region_enter
                0x000000000001a150       0x48 _build/nrf52810_xxaa/app_util_platform.c.o
                0x000000000001a150                app_util_critical_region_enter
 .text.app_util_critical_region_exit
                0x000000000001a198       0x2c _build/nrf52810_xxaa/app_util_platform.c.o
                0x000000000001a198                app_util_critical_region_exit
 .text.nrf_atflags_set
                0x000000000001a1c4       0x12 _build/nrf52810_xxaa/nrf_atflags.c.o
                0x000000000001a1c4                nrf_atflags_set
 .text.nrf_atflags_clear
                0x000000000001a1d6       0x14 _build/nrf52810_xxaa/nrf_atflags.c.o
                0x000000000001a1d6                nrf_atflags_clear
 .text.nrf_atflags_get
                0x000000000001a1ea       0x12 _build/nrf52810_xxaa/nrf_atflags.c.o
                0x000000000001a1ea                nrf_atflags_get
 .text.nrf_atomic_u32_fetch_store
                0x000000000001a1fc       0x14 _build/nrf52810_xxaa/nrf_atomic.c.o
                0x000000000001a1fc                nrf_atomic_u32_fetch_store
 .text.nrf_atomic_u32_or
                0x000000000001a210       0x16 _build/nrf52810_xxaa/nrf_atomic.c.o
                0x000000000001a210                nrf_atomic_u32_or
 .text.nrf_atomic_u32_fetch_and
                0x000000000001a226       0x16 _build/nrf52810_xxaa/nrf_atomic.c.o
                0x000000000001a226                nrf_atomic_u32_fetch_and
 .text.nrf_atomic_u32_and
                0x000000000001a23c       0x16 _build/nrf52810_xxaa/nrf_atomic.c.o
                0x000000000001a23c                nrf_atomic_u32_and
 .text.nrf_atomic_u32_add
                0x000000000001a252       0x16 _build/nrf52810_xxaa/nrf_atomic.c.o
                0x000000000001a252                nrf_atomic_u32_add
 .text.nrf_atomic_u32_sub
                0x000000000001a268       0x16 _build/nrf52810_xxaa/nrf_atomic.c.o
                0x000000000001a268                nrf_atomic_u32_sub
 .text.nrf_atomic_flag_set
                0x000000000001a27e        0x6 _build/nrf52810_xxaa/nrf_atomic.c.o
                0x000000000001a27e                nrf_atomic_flag_set
 .text.nrf_atomic_flag_clear_fetch
                0x000000000001a284        0x6 _build/nrf52810_xxaa/nrf_atomic.c.o
                0x000000000001a284                nrf_atomic_flag_clear_fetch
 .text.nrf_balloc_alloc
                0x000000000001a28a       0x4c _build/nrf52810_xxaa/nrf_balloc.c.o
                0x000000000001a28a                nrf_balloc_alloc
 .text.nrf_balloc_free
                0x000000000001a2d6       0x34 _build/nrf52810_xxaa/nrf_balloc.c.o
                0x000000000001a2d6                nrf_balloc_free
 .text.nrf_fprintf_buffer_flush
                0x000000000001a30a       0x16 _build/nrf52810_xxaa/nrf_fprintf.c.o
                0x000000000001a30a                nrf_fprintf_buffer_flush
 .text.nrf_fprintf
                0x000000000001a320       0x1c _build/nrf52810_xxaa/nrf_fprintf.c.o
                0x000000000001a320                nrf_fprintf
 .text.buffer_add
                0x000000000001a33c       0x2e _build/nrf52810_xxaa/nrf_fprintf_format.c.o
 *fill*         0x000000000001a36a        0x2 
 .text.unsigned_print
                0x000000000001a36c       0xb0 _build/nrf52810_xxaa/nrf_fprintf_format.c.o
 .text.nrf_fprintf_fmt
                0x000000000001a41c      0x278 _build/nrf52810_xxaa/nrf_fprintf_format.c.o
                0x000000000001a41c                nrf_fprintf_fmt
 .text.memobj_op
                0x000000000001a694       0x82 _build/nrf52810_xxaa/nrf_memobj.c.o
 .text.nrf_memobj_free
                0x000000000001a716       0x2c _build/nrf52810_xxaa/nrf_memobj.c.o
                0x000000000001a716                nrf_memobj_free
 .text.nrf_memobj_alloc
                0x000000000001a742       0x5e _build/nrf52810_xxaa/nrf_memobj.c.o
                0x000000000001a742                nrf_memobj_alloc
 .text.nrf_memobj_get
                0x000000000001a7a0        0x8 _build/nrf52810_xxaa/nrf_memobj.c.o
                0x000000000001a7a0                nrf_memobj_get
 .text.nrf_memobj_put
                0x000000000001a7a8       0x1e _build/nrf52810_xxaa/nrf_memobj.c.o
                0x000000000001a7a8                nrf_memobj_put
 .text.nrf_memobj_write
                0x000000000001a7c6       0x14 _build/nrf52810_xxaa/nrf_memobj.c.o
                0x000000000001a7c6                nrf_memobj_write
 .text.nrf_memobj_read
                0x000000000001a7da       0x14 _build/nrf52810_xxaa/nrf_memobj.c.o
                0x000000000001a7da                nrf_memobj_read
 .text.nrf_section_iter_init
                0x000000000001a7ee       0x12 _build/nrf52810_xxaa/nrf_section_iter.c.o
                0x000000000001a7ee                nrf_section_iter_init
 .text.nrf_section_iter_next
                0x000000000001a800       0x18 _build/nrf52810_xxaa/nrf_section_iter.c.o
                0x000000000001a800                nrf_section_iter_next
 .text.nrf_strerror_find
                0x000000000001a818       0x3c _build/nrf52810_xxaa/nrf_strerror.c.o
                0x000000000001a818                nrf_strerror_find
 .text.nrf_strerror_get
                0x000000000001a854       0x14 _build/nrf52810_xxaa/nrf_strerror.c.o
                0x000000000001a854                nrf_strerror_get
 .text.errata_16
                0x000000000001a868       0x34 _build/nrf52810_xxaa/system_nrf52810.c.o
 .text.errata_31
                0x000000000001a89c       0x54 _build/nrf52810_xxaa/system_nrf52810.c.o
 .text.errata_108
                0x000000000001a8f0       0x40 _build/nrf52810_xxaa/system_nrf52810.c.o
 .text.SystemInit
                0x000000000001a930      0x270 _build/nrf52810_xxaa/system_nrf52810.c.o
                0x000000000001a930                SystemInit
 .text.bsp_board_led_state_get
                0x000000000001aba0       0x1c _build/nrf52810_xxaa/boards.c.o
                0x000000000001aba0                bsp_board_led_state_get
 .text.bsp_board_led_on
                0x000000000001abbc       0x18 _build/nrf52810_xxaa/boards.c.o
                0x000000000001abbc                bsp_board_led_on
 .text.bsp_board_led_off
                0x000000000001abd4       0x18 _build/nrf52810_xxaa/boards.c.o
                0x000000000001abd4                bsp_board_led_off
 .text.bsp_board_leds_off
                0x000000000001abec       0x1e _build/nrf52810_xxaa/boards.c.o
                0x000000000001abec                bsp_board_leds_off
 .text.bsp_board_leds_on
                0x000000000001ac0a       0x1e _build/nrf52810_xxaa/boards.c.o
                0x000000000001ac0a                bsp_board_leds_on
 .text.bsp_board_led_invert
                0x000000000001ac28       0x24 _build/nrf52810_xxaa/boards.c.o
                0x000000000001ac28                bsp_board_led_invert
 .text.spim_evt_handler
                0x000000000001ac4c       0x3c _build/nrf52810_xxaa/nrf_drv_spi.c.o
 .text.nrf_drv_spi_init
                0x000000000001ac88       0x68 _build/nrf52810_xxaa/nrf_drv_spi.c.o
                0x000000000001ac88                nrf_drv_spi_init
 .text.twi_evt_handler
                0x000000000001acf0       0x40 _build/nrf52810_xxaa/nrf_drv_twi.c.o
 .text.nrfx_coredep_delay_us.part.0.constprop.2
                0x000000000001ad30       0x10 _build/nrf52810_xxaa/nrf_drv_twi.c.o
 .text.nrf_drv_twi_init
                0x000000000001ad40       0xec _build/nrf52810_xxaa/nrf_drv_twi.c.o
                0x000000000001ad40                nrf_drv_twi_init
 .text.clock_clk_started_notify
                0x000000000001ae2c       0x24 _build/nrf52810_xxaa/nrf_drv_clock.c.o
 .text.clock_irq_handler
                0x000000000001ae50       0x1c _build/nrf52810_xxaa/nrf_drv_clock.c.o
 .text.soc_evt_handler
                0x000000000001ae6c       0x14 _build/nrf52810_xxaa/nrf_drv_clock.c.o
 .text.nrf_drv_clock_init
                0x000000000001ae80       0x38 _build/nrf52810_xxaa/nrf_drv_clock.c.o
                0x000000000001ae80                nrf_drv_clock_init
 .text.nrf_drv_clock_lfclk_release
                0x000000000001aeb8       0x34 _build/nrf52810_xxaa/nrf_drv_clock.c.o
                0x000000000001aeb8                nrf_drv_clock_lfclk_release
 .text.sd_state_evt_handler
                0x000000000001aeec       0x58 _build/nrf52810_xxaa/nrf_drv_clock.c.o
 .text.SPIM0_SPIS0_SPI0_IRQHandler
                0x000000000001af44       0x58 _build/nrf52810_xxaa/nrfx_spim.c.o
                0x000000000001af44                SPIM0_SPIS0_SPI0_IRQHandler
 .text.nrfx_spim_init
                0x000000000001af9c      0x1cc _build/nrf52810_xxaa/nrfx_spim.c.o
                0x000000000001af9c                nrfx_spim_init
 .text.nrfx_spim_xfer
                0x000000000001b168      0x128 _build/nrf52810_xxaa/nrfx_spim.c.o
                0x000000000001b168                nrfx_spim_xfer
 .text.nrf_twi_event_clear
                0x000000000001b290       0x10 _build/nrf52810_xxaa/nrfx_twi.c.o
 .text.twi_transfer
                0x000000000001b2a0       0xee _build/nrf52810_xxaa/nrfx_twi.c.o
 *fill*         0x000000000001b38e        0x2 
 .text.twi_tx_start_transfer
                0x000000000001b390      0x100 _build/nrf52810_xxaa/nrfx_twi.c.o
 .text.twi_rx_start_transfer
                0x000000000001b490       0xe8 _build/nrf52810_xxaa/nrfx_twi.c.o
 .text.TWIM0_TWIS0_TWI0_IRQHandler
                0x000000000001b578       0xc0 _build/nrf52810_xxaa/nrfx_twi.c.o
                0x000000000001b578                TWIM0_TWIS0_TWI0_IRQHandler
 .text.nrfx_twi_init
                0x000000000001b638       0xe8 _build/nrf52810_xxaa/nrfx_twi.c.o
                0x000000000001b638                nrfx_twi_init
 .text.nrfx_twi_enable
                0x000000000001b720       0x20 _build/nrf52810_xxaa/nrfx_twi.c.o
                0x000000000001b720                nrfx_twi_enable
 .text.nrfx_twi_xfer
                0x000000000001b740       0xcc _build/nrf52810_xxaa/nrfx_twi.c.o
                0x000000000001b740                nrfx_twi_xfer
 .text.nrfx_twi_tx
                0x000000000001b80c       0x36 _build/nrf52810_xxaa/nrfx_twi.c.o
                0x000000000001b80c                nrfx_twi_tx
 .text.nrfx_twi_rx
                0x000000000001b842       0x34 _build/nrf52810_xxaa/nrfx_twi.c.o
                0x000000000001b842                nrfx_twi_rx
 *fill*         0x000000000001b876        0x2 
 .text.nrfx_clock_init
                0x000000000001b878       0x18 _build/nrf52810_xxaa/nrfx_clock.c.o
                0x000000000001b878                nrfx_clock_init
 .text.nrfx_clock_enable
                0x000000000001b890       0x24 _build/nrf52810_xxaa/nrfx_clock.c.o
                0x000000000001b890                nrfx_clock_enable
 .text.nrfx_clock_lfclk_stop
                0x000000000001b8b4       0x18 _build/nrf52810_xxaa/nrfx_clock.c.o
                0x000000000001b8b4                nrfx_clock_lfclk_stop
 .text.POWER_CLOCK_IRQHandler
                0x000000000001b8cc       0x64 _build/nrf52810_xxaa/nrfx_clock.c.o
                0x000000000001b8cc                POWER_CLOCK_IRQHandler
 .text.nrf_gpiote_event_clear
                0x000000000001b930       0x18 _build/nrf52810_xxaa/nrfx_gpiote.c.o
 .text.nrf_gpio_cfg_sense_set
                0x000000000001b948       0x20 _build/nrf52810_xxaa/nrfx_gpiote.c.o
 .text.GPIOTE_IRQHandler
                0x000000000001b968      0x184 _build/nrf52810_xxaa/nrfx_gpiote.c.o
                0x000000000001b968                GPIOTE_IRQHandler
 .text.UARTE0_UART0_IRQHandler
                0x000000000001baec        0xc _build/nrf52810_xxaa/nrfx_prs.c.o
                0x000000000001baec                UARTE0_UART0_IRQHandler
 .text.nrfx_prs_acquire
                0x000000000001baf8       0x44 _build/nrf52810_xxaa/nrfx_prs.c.o
                0x000000000001baf8                nrfx_prs_acquire
 .text.nrf_uart_event_clear
                0x000000000001bb3c       0x10 _build/nrf52810_xxaa/nrfx_uart.c.o
 .text.tx_byte  0x000000000001bb4c       0x1e _build/nrf52810_xxaa/nrfx_uart.c.o
 .text.rx_byte  0x000000000001bb6a       0x2c _build/nrf52810_xxaa/nrfx_uart.c.o
 *fill*         0x000000000001bb96        0x2 
 .text.rx_done_event.constprop.8
                0x000000000001bb98       0x20 _build/nrf52810_xxaa/nrfx_uart.c.o
 .text.nrfx_uart_0_irq_handler
                0x000000000001bbb8      0x140 _build/nrf52810_xxaa/nrfx_uart.c.o
                0x000000000001bbb8                nrfx_uart_0_irq_handler
 .text.nrfx_uart_init
                0x000000000001bcf8      0x180 _build/nrf52810_xxaa/nrfx_uart.c.o
                0x000000000001bcf8                nrfx_uart_init
 .text.nrfx_uart_tx
                0x000000000001be78       0x94 _build/nrf52810_xxaa/nrfx_uart.c.o
                0x000000000001be78                nrfx_uart_tx
 .text.leds_off
                0x000000000001bf0c       0x2c _build/nrf52810_xxaa/bsp.c.o
 .text.bsp_led_indication
                0x000000000001bf38      0x204 _build/nrf52810_xxaa/bsp.c.o
 .text.bsp_indication_set
                0x000000000001c13c       0x18 _build/nrf52810_xxaa/bsp.c.o
                0x000000000001c13c                bsp_indication_set
 .text.bsp_event_to_button_action_assign
                0x000000000001c154       0x4c _build/nrf52810_xxaa/bsp.c.o
                0x000000000001c154                bsp_event_to_button_action_assign
 .text.advertising_buttons_configure
                0x000000000001c1a0       0x36 _build/nrf52810_xxaa/bsp_btn_ble.c.o
 *fill*         0x000000000001c1d6        0x2 
 .text.ble_evt_handler
                0x000000000001c1d8       0x80 _build/nrf52810_xxaa/bsp_btn_ble.c.o
 .text.sd_ble_gap_disconnect
                0x000000000001c258        0x4 _build/nrf52810_xxaa/main.c.o
 .text.sd_ble_gap_ppcp_set
                0x000000000001c25c        0x4 _build/nrf52810_xxaa/main.c.o
 .text.sd_ble_gap_device_name_set
                0x000000000001c260        0x4 _build/nrf52810_xxaa/main.c.o
 .text.sd_ble_gap_sec_params_reply
                0x000000000001c264        0x4 _build/nrf52810_xxaa/main.c.o
 .text.sd_ble_gap_phy_update
                0x000000000001c268        0x4 _build/nrf52810_xxaa/main.c.o
 .text.sd_ble_gatts_sys_attr_set
                0x000000000001c26c        0x4 _build/nrf52810_xxaa/main.c.o
 .text.on_adv_evt
                0x000000000001c270        0x2 _build/nrf52810_xxaa/main.c.o
 .text.nrf_qwr_error_handler
                0x000000000001c272        0x4 _build/nrf52810_xxaa/main.c.o
 *fill*         0x000000000001c276        0x2 
 .text.ble_evt_handler
                0x000000000001c278       0x94 _build/nrf52810_xxaa/main.c.o
 .text.gatt_evt_handler
                0x000000000001c30c        0x2 _build/nrf52810_xxaa/main.c.o
                0x000000000001c30c                gatt_evt_handler
 *fill*         0x000000000001c30e        0x2 
 .text.on_conn_params_evt
                0x000000000001c310       0x20 _build/nrf52810_xxaa/main.c.o
 .text.nus_data_handler
                0x000000000001c330       0x4c _build/nrf52810_xxaa/main.c.o
 .text.nrf_drv_spi_transfer.constprop.5
                0x000000000001c37c       0x20 _build/nrf52810_xxaa/main.c.o
 .text.conn_params_error_handler
                0x000000000001c39c        0x4 _build/nrf52810_xxaa/main.c.o
 .text.TI_setup
                0x000000000001c3a0       0xa0 _build/nrf52810_xxaa/main.c.o
                0x000000000001c3a0                TI_setup
 .text.TI_read  0x000000000001c440       0x24 _build/nrf52810_xxaa/main.c.o
                0x000000000001c440                TI_read
 .text.check_twi
                0x000000000001c464       0x58 _build/nrf52810_xxaa/main.c.o
                0x000000000001c464                check_twi
 .text.MAX_setup
                0x000000000001c4bc       0x98 _build/nrf52810_xxaa/main.c.o
                0x000000000001c4bc                MAX_setup
 .text.MAX_read_SPO2
                0x000000000001c554       0x48 _build/nrf52810_xxaa/main.c.o
                0x000000000001c554                MAX_read_SPO2
 .text.MAX_get_avail_samps
                0x000000000001c59c       0x8c _build/nrf52810_xxaa/main.c.o
                0x000000000001c59c                MAX_get_avail_samps
 .text.MAX_read_temp
                0x000000000001c628       0xcc _build/nrf52810_xxaa/main.c.o
                0x000000000001c628                MAX_read_temp
 .text.gatt_init
                0x000000000001c6f4       0x2c _build/nrf52810_xxaa/main.c.o
                0x000000000001c6f4                gatt_init
 .text.startup.main
                0x000000000001c720      0x2b8 _build/nrf52810_xxaa/main.c.o
                0x000000000001c720                main
 .text._GetAvailWriteSpace
                0x000000000001c9d8       0x1c _build/nrf52810_xxaa/SEGGER_RTT.c.o
 .text._WriteNoCheck
                0x000000000001c9f4       0x34 _build/nrf52810_xxaa/SEGGER_RTT.c.o
 .text._WriteBlocking
                0x000000000001ca28       0x52 _build/nrf52810_xxaa/SEGGER_RTT.c.o
 *fill*         0x000000000001ca7a        0x2 
 .text.SEGGER_RTT_WriteNoLock
                0x000000000001ca7c       0x68 _build/nrf52810_xxaa/SEGGER_RTT.c.o
                0x000000000001ca7c                SEGGER_RTT_WriteNoLock
 .text.sd_ble_gap_addr_get
                0x000000000001cae4        0x4 _build/nrf52810_xxaa/ble_advdata.c.o
 .text.sd_ble_gap_appearance_get
                0x000000000001cae8        0x4 _build/nrf52810_xxaa/ble_advdata.c.o
 .text.sd_ble_gap_device_name_get
                0x000000000001caec        0x4 _build/nrf52810_xxaa/ble_advdata.c.o
 .text.sd_ble_uuid_encode
                0x000000000001caf0        0x4 _build/nrf52810_xxaa/ble_advdata.c.o
 .text.uuid_list_sized_encode
                0x000000000001caf4       0xa4 _build/nrf52810_xxaa/ble_advdata.c.o
 .text.uuid_list_encode
                0x000000000001cb98       0x34 _build/nrf52810_xxaa/ble_advdata.c.o
 .text.ble_advdata_encode
                0x000000000001cbcc      0x396 _build/nrf52810_xxaa/ble_advdata.c.o
                0x000000000001cbcc                ble_advdata_encode
 .text.ble_advdata_search
                0x000000000001cf62       0x38 _build/nrf52810_xxaa/ble_advdata.c.o
                0x000000000001cf62                ble_advdata_search
 .text.ble_advdata_parse
                0x000000000001cf9a       0x20 _build/nrf52810_xxaa/ble_advdata.c.o
                0x000000000001cf9a                ble_advdata_parse
 .text.sd_ble_gap_adv_set_configure
                0x000000000001cfba        0x4 _build/nrf52810_xxaa/ble_advertising.c.o
 .text.sd_ble_gap_adv_start
                0x000000000001cfbe        0x4 _build/nrf52810_xxaa/ble_advertising.c.o
 .text.flags_set
                0x000000000001cfc2       0x2c _build/nrf52810_xxaa/ble_advertising.c.o
 .text.ble_advertising_conn_cfg_tag_set
                0x000000000001cfee        0x6 _build/nrf52810_xxaa/ble_advertising.c.o
                0x000000000001cfee                ble_advertising_conn_cfg_tag_set
 .text.ble_advertising_init
                0x000000000001cff4       0xe4 _build/nrf52810_xxaa/ble_advertising.c.o
                0x000000000001cff4                ble_advertising_init
 .text.ble_advertising_start
                0x000000000001d0d8      0x204 _build/nrf52810_xxaa/ble_advertising.c.o
                0x000000000001d0d8                ble_advertising_start
 .text.ble_advertising_on_ble_evt
                0x000000000001d2dc       0x6a _build/nrf52810_xxaa/ble_advertising.c.o
                0x000000000001d2dc                ble_advertising_on_ble_evt
 .text.ble_advertising_on_sys_evt
                0x000000000001d346        0x2 _build/nrf52810_xxaa/ble_advertising.c.o
                0x000000000001d346                ble_advertising_on_sys_evt
 .text.sd_ble_gap_conn_param_update
                0x000000000001d348        0x4 _build/nrf52810_xxaa/ble_conn_params.c.o
 .text.sd_ble_gap_disconnect
                0x000000000001d34c        0x4 _build/nrf52810_xxaa/ble_conn_params.c.o
 .text.sd_ble_gap_ppcp_set
                0x000000000001d350        0x4 _build/nrf52810_xxaa/ble_conn_params.c.o
 .text.sd_ble_gap_ppcp_get
                0x000000000001d354        0x4 _build/nrf52810_xxaa/ble_conn_params.c.o
 .text.instance_get
                0x000000000001d358       0x14 _build/nrf52810_xxaa/ble_conn_params.c.o
 .text.send_error_evt
                0x000000000001d36c       0x10 _build/nrf52810_xxaa/ble_conn_params.c.o
 .text.update_timeout_handler
                0x000000000001d37c       0x6c _build/nrf52810_xxaa/ble_conn_params.c.o
 .text.conn_params_negotiation
                0x000000000001d3e8       0x48 _build/nrf52810_xxaa/ble_conn_params.c.o
 .text.is_conn_params_ok.constprop.3
                0x000000000001d430       0x34 _build/nrf52810_xxaa/ble_conn_params.c.o
 .text.ble_evt_handler
                0x000000000001d464       0xe0 _build/nrf52810_xxaa/ble_conn_params.c.o
 .text.ble_conn_params_init
                0x000000000001d544       0x74 _build/nrf52810_xxaa/ble_conn_params.c.o
                0x000000000001d544                ble_conn_params_init
 .text.conn_handle_list_get
                0x000000000001d5b8       0x2e _build/nrf52810_xxaa/ble_conn_state.c.o
                0x000000000001d5b8                conn_handle_list_get
 *fill*         0x000000000001d5e6        0x2 
 .text.ble_evt_handler
                0x000000000001d5e8       0xd0 _build/nrf52810_xxaa/ble_conn_state.c.o
 .text.ble_conn_state_valid
                0x000000000001d6b8       0x14 _build/nrf52810_xxaa/ble_conn_state.c.o
                0x000000000001d6b8                ble_conn_state_valid
 .text.ble_conn_state_conn_idx
                0x000000000001d6cc       0x12 _build/nrf52810_xxaa/ble_conn_state.c.o
                0x000000000001d6cc                ble_conn_state_conn_idx
 .text.blcm_link_ctx_get
                0x000000000001d6de       0x4e _build/nrf52810_xxaa/ble_link_ctx_manager.c.o
                0x000000000001d6de                blcm_link_ctx_get
 .text.sd_ble_gatts_characteristic_add
                0x000000000001d72c        0x4 _build/nrf52810_xxaa/ble_srv_common.c.o
 .text.set_security_req
                0x000000000001d730       0x2a _build/nrf52810_xxaa/ble_srv_common.c.o
 .text.ble_srv_is_notification_enabled
                0x000000000001d75a        0x8 _build/nrf52810_xxaa/ble_srv_common.c.o
                0x000000000001d75a                ble_srv_is_notification_enabled
 .text.characteristic_add
                0x000000000001d762      0x150 _build/nrf52810_xxaa/ble_srv_common.c.o
                0x000000000001d762                characteristic_add
 .text.sd_ble_gattc_exchange_mtu_request
                0x000000000001d8b2        0x4 _build/nrf52810_xxaa/nrf_ble_gatt.c.o
 .text.sd_ble_gatts_exchange_mtu_reply
                0x000000000001d8b6        0x4 _build/nrf52810_xxaa/nrf_ble_gatt.c.o
 .text.nrf_ble_gatt_init
                0x000000000001d8ba       0x1e _build/nrf52810_xxaa/nrf_ble_gatt.c.o
                0x000000000001d8ba                nrf_ble_gatt_init
 .text.nrf_ble_gatt_att_mtu_periph_set
                0x000000000001d8d8       0x18 _build/nrf52810_xxaa/nrf_ble_gatt.c.o
                0x000000000001d8d8                nrf_ble_gatt_att_mtu_periph_set
 .text.nrf_ble_gatt_on_ble_evt
                0x000000000001d8f0      0x13c _build/nrf52810_xxaa/nrf_ble_gatt.c.o
                0x000000000001d8f0                nrf_ble_gatt_on_ble_evt
 .text.sd_ble_gatts_rw_authorize_reply
                0x000000000001da2c        0x4 _build/nrf52810_xxaa/nrf_ble_qwr.c.o
 .text.sd_ble_user_mem_reply
                0x000000000001da30        0x4 _build/nrf52810_xxaa/nrf_ble_qwr.c.o
 .text.user_mem_reply.part.0
                0x000000000001da34       0x24 _build/nrf52810_xxaa/nrf_ble_qwr.c.o
 .text.nrf_ble_qwr_init
                0x000000000001da58       0x24 _build/nrf52810_xxaa/nrf_ble_qwr.c.o
                0x000000000001da58                nrf_ble_qwr_init
 .text.nrf_ble_qwr_conn_handle_assign
                0x000000000001da7c       0x16 _build/nrf52810_xxaa/nrf_ble_qwr.c.o
                0x000000000001da7c                nrf_ble_qwr_conn_handle_assign
 .text.nrf_ble_qwr_on_ble_evt
                0x000000000001da92       0xa0 _build/nrf52810_xxaa/nrf_ble_qwr.c.o
                0x000000000001da92                nrf_ble_qwr_on_ble_evt
 .text.sd_ble_gatts_service_add
                0x000000000001db32        0x4 _build/nrf52810_xxaa/ble_nus.c.o
 .text.sd_ble_gatts_value_get
                0x000000000001db36        0x4 _build/nrf52810_xxaa/ble_nus.c.o
 .text.sd_ble_gatts_hvx
                0x000000000001db3a        0x4 _build/nrf52810_xxaa/ble_nus.c.o
 .text.sd_ble_uuid_vs_add
                0x000000000001db3e        0x4 _build/nrf52810_xxaa/ble_nus.c.o
 .text.ble_nus_on_ble_evt
                0x000000000001db42      0x132 _build/nrf52810_xxaa/ble_nus.c.o
                0x000000000001db42                ble_nus_on_ble_evt
 .text.ble_nus_init
                0x000000000001dc74       0xec _build/nrf52810_xxaa/ble_nus.c.o
                0x000000000001dc74                ble_nus_init
 .text.ble_nus_data_send
                0x000000000001dd60       0x66 _build/nrf52810_xxaa/ble_nus.c.o
                0x000000000001dd60                ble_nus_data_send
 .text.sd_softdevice_enable
                0x000000000001ddc6        0x4 _build/nrf52810_xxaa/nrf_sdh.c.o
 *fill*         0x000000000001ddca        0x2 
 .text.sdh_request_observer_notify
                0x000000000001ddcc       0x30 _build/nrf52810_xxaa/nrf_sdh.c.o
 .text.sdh_state_observer_notify
                0x000000000001ddfc       0x28 _build/nrf52810_xxaa/nrf_sdh.c.o
 .text.softdevices_evt_irq_enable
                0x000000000001de24       0x38 _build/nrf52810_xxaa/nrf_sdh.c.o
 .text.nrf_sdh_enable_request
                0x000000000001de5c       0x7c _build/nrf52810_xxaa/nrf_sdh.c.o
                0x000000000001de5c                nrf_sdh_enable_request
 .text.nrf_sdh_is_enabled
                0x000000000001ded8        0xc _build/nrf52810_xxaa/nrf_sdh.c.o
                0x000000000001ded8                nrf_sdh_is_enabled
 .text.nrf_sdh_evts_poll
                0x000000000001dee4       0x28 _build/nrf52810_xxaa/nrf_sdh.c.o
                0x000000000001dee4                nrf_sdh_evts_poll
 .text.SWI2_IRQHandler
                0x000000000001df0c        0x4 _build/nrf52810_xxaa/nrf_sdh.c.o
                0x000000000001df0c                SWI2_IRQHandler
 .text.sd_ble_enable
                0x000000000001df10        0x4 _build/nrf52810_xxaa/nrf_sdh_ble.c.o
 .text.sd_ble_cfg_set
                0x000000000001df14        0x4 _build/nrf52810_xxaa/nrf_sdh_ble.c.o
 .text.sd_ble_evt_get
                0x000000000001df18        0x4 _build/nrf52810_xxaa/nrf_sdh_ble.c.o
 .text.nrf_sdh_ble_evts_poll.part.1
                0x000000000001df1c       0x4c _build/nrf52810_xxaa/nrf_sdh_ble.c.o
 .text.nrf_sdh_ble_evts_poll
                0x000000000001df68       0x10 _build/nrf52810_xxaa/nrf_sdh_ble.c.o
 .text.nrf_sdh_ble_default_cfg_set
                0x000000000001df78      0x198 _build/nrf52810_xxaa/nrf_sdh_ble.c.o
                0x000000000001df78                nrf_sdh_ble_default_cfg_set
 .text.nrf_sdh_ble_enable
                0x000000000001e110       0x94 _build/nrf52810_xxaa/nrf_sdh_ble.c.o
                0x000000000001e110                nrf_sdh_ble_enable
 .text.sd_evt_get
                0x000000000001e1a4        0x4 _build/nrf52810_xxaa/nrf_sdh_soc.c.o
 .text.nrf_sdh_soc_evts_poll
                0x000000000001e1a8       0x3c _build/nrf52810_xxaa/nrf_sdh_soc.c.o
 .text.exit     0x000000000001e1e4       0x28 /home/fbar/gcc-arm-none-eabi-8-2018-q4-major/bin/../lib/gcc/arm-none-eabi/8.2.1/../../../../arm-none-eabi/lib/thumb/v7e-m/nofp/libc_nano.a(lib_a-exit.o)
                0x000000000001e1e4                exit
 .text.__libc_init_array
                0x000000000001e20c       0x48 /home/fbar/gcc-arm-none-eabi-8-2018-q4-major/bin/../lib/gcc/arm-none-eabi/8.2.1/../../../../arm-none-eabi/lib/thumb/v7e-m/nofp/libc_nano.a(lib_a-init.o)
                0x000000000001e20c                __libc_init_array
 .text.memcpy   0x000000000001e254       0x1c /home/fbar/gcc-arm-none-eabi-8-2018-q4-major/bin/../lib/gcc/arm-none-eabi/8.2.1/../../../../arm-none-eabi/lib/thumb/v7e-m/nofp/libc_nano.a(lib_a-memcpy-stub.o)
                0x000000000001e254                memcpy
 .text.memset   0x000000000001e270       0x10 /home/fbar/gcc-arm-none-eabi-8-2018-q4-major/bin/../lib/gcc/arm-none-eabi/8.2.1/../../../../arm-none-eabi/lib/thumb/v7e-m/nofp/libc_nano.a(lib_a-memset.o)
                0x000000000001e270                memset
 .text          0x000000000001e280       0x10 /home/fbar/gcc-arm-none-eabi-8-2018-q4-major/bin/../lib/gcc/arm-none-eabi/8.2.1/../../../../arm-none-eabi/lib/thumb/v7e-m/nofp/libc_nano.a(lib_a-strlen.o)
                0x000000000001e280                strlen
 .text._exit    0x000000000001e290        0x4 /home/fbar/gcc-arm-none-eabi-8-2018-q4-major/bin/../lib/gcc/arm-none-eabi/8.2.1/../../../../arm-none-eabi/lib/thumb/v7e-m/nofp/libnosys.a(_exit.o)
                0x000000000001e290                _exit
 .text          0x000000000001e294       0x30 /home/fbar/gcc-arm-none-eabi-8-2018-q4-major/bin/../lib/gcc/arm-none-eabi/8.2.1/thumb/v7e-m/nofp/libgcc.a(_aeabi_uldivmod.o)
                0x000000000001e294                __aeabi_uldivmod
 .text          0x000000000001e2c4      0x2d0 /home/fbar/gcc-arm-none-eabi-8-2018-q4-major/bin/../lib/gcc/arm-none-eabi/8.2.1/thumb/v7e-m/nofp/libgcc.a(_udivmoddi4.o)
                0x000000000001e2c4                __udivmoddi4
 .text          0x000000000001e594        0x4 /home/fbar/gcc-arm-none-eabi-8-2018-q4-major/bin/../lib/gcc/arm-none-eabi/8.2.1/thumb/v7e-m/nofp/libgcc.a(_dvmd_tls.o)
                0x000000000001e594                __aeabi_ldiv0
                0x000000000001e594                __aeabi_idiv0
 *(.init)
 .init          0x000000000001e598        0x4 /home/fbar/gcc-arm-none-eabi-8-2018-q4-major/bin/../lib/gcc/arm-none-eabi/8.2.1/thumb/v7e-m/nofp/crti.o
                0x000000000001e598                _init
 .init          0x000000000001e59c        0x8 /home/fbar/gcc-arm-none-eabi-8-2018-q4-major/bin/../lib/gcc/arm-none-eabi/8.2.1/thumb/v7e-m/nofp/crtn.o
 *(.fini)
 .fini          0x000000000001e5a4        0x4 /home/fbar/gcc-arm-none-eabi-8-2018-q4-major/bin/../lib/gcc/arm-none-eabi/8.2.1/thumb/v7e-m/nofp/crti.o
                0x000000000001e5a4                _fini
 .fini          0x000000000001e5a8        0x8 /home/fbar/gcc-arm-none-eabi-8-2018-q4-major/bin/../lib/gcc/arm-none-eabi/8.2.1/thumb/v7e-m/nofp/crtn.o
 *crtbegin.o(.ctors)
 *crtbegin?.o(.ctors)
 *(EXCLUDE_FILE(*crtend.o *crtend?.o) .ctors)
 *(SORT_BY_NAME(.ctors.*))
 *(.ctors)
 *crtbegin.o(.dtors)
 *crtbegin?.o(.dtors)
 *(EXCLUDE_FILE(*crtend.o *crtend?.o) .dtors)
 *(SORT_BY_NAME(.dtors.*))
 *(.dtors)
 *(.rodata*)
 .rodata.delay_machine_code.7553
                0x000000000001e5b0        0x6 _build/nrf52810_xxaa/nrf_log_backend_rtt.c.o
 *fill*         0x000000000001e5b6        0x2 
 .rodata.nrf_log_backend_rtt_api
                0x000000000001e5b8        0xc _build/nrf52810_xxaa/nrf_log_backend_rtt.c.o
                0x000000000001e5b8                nrf_log_backend_rtt_api
 .rodata.str1.1
                0x000000000001e5c4       0x10 _build/nrf52810_xxaa/nrf_log_default_backends.c.o
 .rodata.nrf_log_frontend_dequeue.str1.1
                0x000000000001e5d4       0x11 _build/nrf52810_xxaa/nrf_log_frontend.c.o
 .rodata.str1.1
                0x000000000001e5e5        0x4 _build/nrf52810_xxaa/nrf_log_frontend.c.o
 *fill*         0x000000000001e5e9        0x3 
 .rodata.m_colors
                0x000000000001e5ec       0x24 _build/nrf52810_xxaa/nrf_log_str_formatter.c.o
 .rodata.nrf_log_hexdump_entry_process.str1.1
                0x000000000001e610        0xf _build/nrf52810_xxaa/nrf_log_str_formatter.c.o
                                         0x11 (size before relaxing)
 .rodata.postfix_process.str1.1
                0x000000000001e61f        0x8 _build/nrf52810_xxaa/nrf_log_str_formatter.c.o
                                          0xb (size before relaxing)
 .rodata.prefix_process.str1.1
                0x000000000001e627       0x2a _build/nrf52810_xxaa/nrf_log_str_formatter.c.o
 *fill*         0x000000000001e651        0x3 
 .rodata.severity_names
                0x000000000001e654       0x14 _build/nrf52810_xxaa/nrf_log_str_formatter.c.o
 .rodata.str1.1
                0x000000000001e668       0x4b _build/nrf52810_xxaa/nrf_log_str_formatter.c.o
                                         0x51 (size before relaxing)
 .rodata.app_error_fault_handler.str1.1
                0x000000000001e6b3       0x19 _build/nrf52810_xxaa/app_error_weak.c.o
 *fill*         0x000000000001e6cc        0x4 
 .rodata.delay_machine_code.7277
                0x000000000001e6d0        0x6 _build/nrf52810_xxaa/app_timer.c.o
 .rodata._aV2C.5975
                0x000000000001e6d6       0x10 _build/nrf52810_xxaa/nrf_fprintf_format.c.o
 .rodata.str1.1
                0x000000000001e6e6        0x9 _build/nrf52810_xxaa/nrf_pwr_mgmt.c.o
 .rodata.m_unknown_str
                0x000000000001e6ef       0x13 _build/nrf52810_xxaa/nrf_strerror.c.o
 *fill*         0x000000000001e702        0x2 
 .rodata.nrf_strerror_array
                0x000000000001e704      0x128 _build/nrf52810_xxaa/nrf_strerror.c.o
 .rodata.str1.1
                0x000000000001e82c      0x3ba _build/nrf52810_xxaa/nrf_strerror.c.o
 .rodata.m_board_led_list
                0x000000000001ebe6        0x4 _build/nrf52810_xxaa/boards.c.o
 *fill*         0x000000000001ebea        0x2 
 .rodata        0x000000000001ebec       0x10 _build/nrf52810_xxaa/nrf_drv_spi.c.o
 *fill*         0x000000000001ebfc        0x4 
 .rodata.delay_machine_code.6877
                0x000000000001ec00        0x6 _build/nrf52810_xxaa/nrf_drv_twi.c.o
 .rodata.str1.1
                0x000000000001ec06        0x6 _build/nrf52810_xxaa/nrf_drv_clock.c.o
 .rodata.str1.1
                0x000000000001ec0c        0x5 _build/nrf52810_xxaa/nrfx_spim.c.o
 .rodata.str1.1
                0x000000000001ec11        0x4 _build/nrf52810_xxaa/nrfx_twi.c.o
 .rodata.str1.1
                0x000000000001ec15        0x6 _build/nrf52810_xxaa/nrfx_clock.c.o
 .rodata.str1.1
                0x000000000001ec1b        0x7 _build/nrf52810_xxaa/nrfx_gpiote.c.o
 .rodata.str1.1
                0x000000000001ec22        0x4 _build/nrf52810_xxaa/nrfx_prs.c.o
 .rodata.str1.1
                0x000000000001ec26        0x5 _build/nrf52810_xxaa/nrfx_uart.c.o
 .rodata.str1.1
                0x000000000001ec2b        0x6 _build/nrf52810_xxaa/nrfx_uarte.c.o
 *fill*         0x000000000001ec31        0x3 
 .rodata        0x000000000001ec34       0x24 _build/nrf52810_xxaa/main.c.o
 *fill*         0x000000000001ec58        0x8 
 .rodata.delay_machine_code.8814
                0x000000000001ec60        0x6 _build/nrf52810_xxaa/main.c.o
 .rodata.main.str1.1
                0x000000000001ec66        0x9 _build/nrf52810_xxaa/main.c.o
 .rodata.nus_data_handler.str1.1
                0x000000000001ec6f        0x9 _build/nrf52810_xxaa/main.c.o
 .rodata.spi    0x000000000001ec78       0x10 _build/nrf52810_xxaa/main.c.o
 .rodata.twi    0x000000000001ec88       0x10 _build/nrf52810_xxaa/main.c.o
 .rodata.uart   0x000000000001ec98        0x8 _build/nrf52810_xxaa/main.c.o
 .rodata.nrf_ble_gatt_on_ble_evt.str1.1
                0x000000000001eca0       0x60 _build/nrf52810_xxaa/nrf_ble_gatt.c.o
 .rodata.str1.1
                0x000000000001ed00        0xd _build/nrf52810_xxaa/nrf_ble_gatt.c.o
 .rodata        0x000000000001ed0d       0x10 _build/nrf52810_xxaa/ble_nus.c.o
 .rodata.str1.1
                0x000000000001ed1d        0x8 _build/nrf52810_xxaa/ble_nus.c.o
 .rodata        0x000000000001ed25        0x4 _build/nrf52810_xxaa/nrf_sdh.c.o
 *fill*         0x000000000001ed29        0x3 
 .rodata.sdh_req_observers
                0x000000000001ed2c        0xc _build/nrf52810_xxaa/nrf_sdh.c.o
 .rodata.sdh_stack_observers
                0x000000000001ed38        0xc _build/nrf52810_xxaa/nrf_sdh.c.o
 .rodata.sdh_state_observers
                0x000000000001ed44        0xc _build/nrf52810_xxaa/nrf_sdh.c.o
 .rodata.str1.1
                0x000000000001ed50        0x8 _build/nrf52810_xxaa/nrf_sdh.c.o
 .rodata.nrf_sdh_ble_default_cfg_set.str1.1
                0x000000000001ed58      0x1c9 _build/nrf52810_xxaa/nrf_sdh_ble.c.o
 .rodata.nrf_sdh_ble_enable.str1.1
                0x000000000001ef21       0xa7 _build/nrf52810_xxaa/nrf_sdh_ble.c.o
 .rodata.sdh_ble_observers
                0x000000000001efc8        0xc _build/nrf52810_xxaa/nrf_sdh_ble.c.o
 .rodata.str1.1
                0x000000000001efd4        0xc _build/nrf52810_xxaa/nrf_sdh_ble.c.o
 .rodata.sdh_soc_observers
                0x000000000001efe0        0xc _build/nrf52810_xxaa/nrf_sdh_soc.c.o
 .rodata.str1.1
                0x000000000001efec        0xc _build/nrf52810_xxaa/nrf_sdh_soc.c.o
 .rodata._ctype_
                0x000000000001eff8      0x101 /home/fbar/gcc-arm-none-eabi-8-2018-q4-major/bin/../lib/gcc/arm-none-eabi/8.2.1/../../../../arm-none-eabi/lib/thumb/v7e-m/nofp/libc_nano.a(lib_a-ctype_.o)
                0x000000000001eff8                _ctype_
 *fill*         0x000000000001f0f9        0x3 
 .rodata._global_impure_ptr
                0x000000000001f0fc        0x4 /home/fbar/gcc-arm-none-eabi-8-2018-q4-major/bin/../lib/gcc/arm-none-eabi/8.2.1/../../../../arm-none-eabi/lib/thumb/v7e-m/nofp/libc_nano.a(lib_a-impure.o)
                0x000000000001f0fc                _global_impure_ptr
 *(.eh_frame*)
 .eh_frame      0x000000000001f100        0x0 /home/fbar/gcc-arm-none-eabi-8-2018-q4-major/bin/../lib/gcc/arm-none-eabi/8.2.1/thumb/v7e-m/nofp/crtbegin.o
 .eh_frame      0x000000000001f100        0x4 /home/fbar/gcc-arm-none-eabi-8-2018-q4-major/bin/../lib/gcc/arm-none-eabi/8.2.1/thumb/v7e-m/nofp/crtend.o

.glue_7         0x000000000001f104        0x0
 .glue_7        0x000000000001f104        0x0 linker stubs

.glue_7t        0x000000000001f104        0x0
 .glue_7t       0x000000000001f104        0x0 linker stubs

.vfp11_veneer   0x000000000001f104        0x0
 .vfp11_veneer  0x000000000001f104        0x0 linker stubs

.v4_bx          0x000000000001f104        0x0
 .v4_bx         0x000000000001f104        0x0 linker stubs

.iplt           0x000000000001f104        0x0
 .iplt          0x000000000001f104        0x0 /home/fbar/gcc-arm-none-eabi-8-2018-q4-major/bin/../lib/gcc/arm-none-eabi/8.2.1/thumb/v7e-m/nofp/crtbegin.o

.mem_section_dummy_rom

.sdh_soc_observers
                0x000000000001f104       0x10
                0x000000000001f104                PROVIDE (__start_sdh_soc_observers = .)
 *(SORT_BY_NAME(.sdh_soc_observers*))
 .sdh_soc_observers0
                0x000000000001f104        0x8 _build/nrf52810_xxaa/nrf_drv_clock.c.o
 .sdh_soc_observers1
                0x000000000001f10c        0x8 _build/nrf52810_xxaa/main.c.o
                0x000000000001f114                PROVIDE (__stop_sdh_soc_observers = .)

.sdh_ble_observers
                0x000000000001f114       0x40
                0x000000000001f114                PROVIDE (__start_sdh_ble_observers = .)
 *(SORT_BY_NAME(.sdh_ble_observers*))
 .sdh_ble_observers0
                0x000000000001f114        0x8 _build/nrf52810_xxaa/ble_conn_state.c.o
 .sdh_ble_observers1
                0x000000000001f11c        0x8 _build/nrf52810_xxaa/bsp_btn_ble.c.o
 .sdh_ble_observers1
                0x000000000001f124       0x10 _build/nrf52810_xxaa/main.c.o
 .sdh_ble_observers1
                0x000000000001f134        0x8 _build/nrf52810_xxaa/ble_conn_params.c.o
 .sdh_ble_observers2
                0x000000000001f13c       0x10 _build/nrf52810_xxaa/main.c.o
 .sdh_ble_observers3
                0x000000000001f14c        0x8 _build/nrf52810_xxaa/main.c.o
                0x000000000001f154                PROVIDE (__stop_sdh_ble_observers = .)

.pwr_mgmt_data  0x000000000001f154        0x0
                0x000000000001f154                PROVIDE (__start_pwr_mgmt_data = .)
 *(SORT_BY_NAME(.pwr_mgmt_data*))
                0x000000000001f154                PROVIDE (__stop_pwr_mgmt_data = .)

.sdh_req_observers
                0x000000000001f154        0x0
                0x000000000001f154                PROVIDE (__start_sdh_req_observers = .)
 *(SORT_BY_NAME(.sdh_req_observers*))
                0x000000000001f154                PROVIDE (__stop_sdh_req_observers = .)

.sdh_state_observers
                0x000000000001f154        0x8
                0x000000000001f154                PROVIDE (__start_sdh_state_observers = .)
 *(SORT_BY_NAME(.sdh_state_observers*))
 .sdh_state_observers0
                0x000000000001f154        0x8 _build/nrf52810_xxaa/nrf_drv_clock.c.o
                0x000000000001f15c                PROVIDE (__stop_sdh_state_observers = .)

.sdh_stack_observers
                0x000000000001f15c       0x10
                0x000000000001f15c                PROVIDE (__start_sdh_stack_observers = .)
 *(SORT_BY_NAME(.sdh_stack_observers*))
 .sdh_stack_observers0
                0x000000000001f15c        0x8 _build/nrf52810_xxaa/nrf_sdh_ble.c.o
 .sdh_stack_observers0
                0x000000000001f164        0x8 _build/nrf52810_xxaa/nrf_sdh_soc.c.o
                0x000000000001f16c                PROVIDE (__stop_sdh_stack_observers = .)

.nrf_queue      0x000000000001f16c        0x0
                [!provide]                        PROVIDE (__start_nrf_queue = .)
 *(.nrf_queue)
                [!provide]                        PROVIDE (__stop_nrf_queue = .)

.nrf_balloc     0x000000000001f16c       0x14
                [!provide]                        PROVIDE (__start_nrf_balloc = .)
 *(.nrf_balloc)
 .nrf_balloc    0x000000000001f16c       0x14 _build/nrf52810_xxaa/nrf_log_frontend.c.o
                0x000000000001f16c                log_mempool
                [!provide]                        PROVIDE (__stop_nrf_balloc = .)

.cli_command    0x000000000001f180        0x0
                [!provide]                        PROVIDE (__start_cli_command = .)
 *(.cli_command)
                [!provide]                        PROVIDE (__stop_cli_command = .)

.crypto_data    0x000000000001f180        0x0
                [!provide]                        PROVIDE (__start_crypto_data = .)
 *(SORT_BY_NAME(.crypto_data*))
                [!provide]                        PROVIDE (__stop_crypto_data = .)

.log_const_data
                0x000000000001f180       0x78
                0x000000000001f180                PROVIDE (__start_log_const_data = .)
 *(SORT_BY_NAME(.log_const_data*))
 .log_const_data_CLOCK
                0x000000000001f180        0x8 _build/nrf52810_xxaa/nrfx_clock.c.o
                0x000000000001f180                m_nrf_log_CLOCK_logs_data_const
 .log_const_data_GPIOTE
                0x000000000001f188        0x8 _build/nrf52810_xxaa/nrfx_gpiote.c.o
                0x000000000001f188                m_nrf_log_GPIOTE_logs_data_const
 .log_const_data_PRS
                0x000000000001f190        0x8 _build/nrf52810_xxaa/nrfx_prs.c.o
                0x000000000001f190                m_nrf_log_PRS_logs_data_const
 .log_const_data_SPIM
                0x000000000001f198        0x8 _build/nrf52810_xxaa/nrfx_spim.c.o
                0x000000000001f198                m_nrf_log_SPIM_logs_data_const
 .log_const_data_TWI
                0x000000000001f1a0        0x8 _build/nrf52810_xxaa/nrfx_twi.c.o
                0x000000000001f1a0                m_nrf_log_TWI_logs_data_const
 .log_const_data_UART
                0x000000000001f1a8        0x8 _build/nrf52810_xxaa/nrfx_uart.c.o
                0x000000000001f1a8                m_nrf_log_UART_logs_data_const
 .log_const_data_UARTE
                0x000000000001f1b0        0x8 _build/nrf52810_xxaa/nrfx_uarte.c.o
                0x000000000001f1b0                m_nrf_log_UARTE_logs_data_const
 .log_const_data_app
                0x000000000001f1b8        0x8 _build/nrf52810_xxaa/nrf_log_frontend.c.o
                0x000000000001f1b8                m_nrf_log_app_logs_data_const
 .log_const_data_ble_nus
                0x000000000001f1c0        0x8 _build/nrf52810_xxaa/ble_nus.c.o
                0x000000000001f1c0                m_nrf_log_ble_nus_logs_data_const
 .log_const_data_clock
                0x000000000001f1c8        0x8 _build/nrf52810_xxaa/nrf_drv_clock.c.o
                0x000000000001f1c8                m_nrf_log_clock_logs_data_const
 .log_const_data_nrf_ble_gatt
                0x000000000001f1d0        0x8 _build/nrf52810_xxaa/nrf_ble_gatt.c.o
                0x000000000001f1d0                m_nrf_log_nrf_ble_gatt_logs_data_const
 .log_const_data_nrf_sdh
                0x000000000001f1d8        0x8 _build/nrf52810_xxaa/nrf_sdh.c.o
                0x000000000001f1d8                m_nrf_log_nrf_sdh_logs_data_const
 .log_const_data_nrf_sdh_ble
                0x000000000001f1e0        0x8 _build/nrf52810_xxaa/nrf_sdh_ble.c.o
                0x000000000001f1e0                m_nrf_log_nrf_sdh_ble_logs_data_const
 .log_const_data_nrf_sdh_soc
                0x000000000001f1e8        0x8 _build/nrf52810_xxaa/nrf_sdh_soc.c.o
                0x000000000001f1e8                m_nrf_log_nrf_sdh_soc_logs_data_const
 .log_const_data_pwr_mgmt
                0x000000000001f1f0        0x8 _build/nrf52810_xxaa/nrf_pwr_mgmt.c.o
                0x000000000001f1f0                m_nrf_log_pwr_mgmt_logs_data_const
                0x000000000001f1f8                PROVIDE (__stop_log_const_data = .)

.log_backends   0x000000000001f1f8       0x10
                [!provide]                        PROVIDE (__start_log_backends = .)
 *(SORT_BY_NAME(.log_backends*))
 .log_backends  0x000000000001f1f8       0x10 _build/nrf52810_xxaa/nrf_log_default_backends.c.o
                [!provide]                        PROVIDE (__stop_log_backends = .)

.ARM.extab
 *(.ARM.extab* .gnu.linkonce.armextab.*)
                0x000000000001f208                __exidx_start = .

.ARM.exidx      0x000000000001f208        0x8
 *(.ARM.exidx* .gnu.linkonce.armexidx.*)
 .ARM.exidx     0x000000000001f208        0x8 /home/fbar/gcc-arm-none-eabi-8-2018-q4-major/bin/../lib/gcc/arm-none-eabi/8.2.1/../../../../arm-none-eabi/lib/thumb/v7e-m/nofp/crt0.o
 .ARM.exidx     0x000000000001f210        0x0 /home/fbar/gcc-arm-none-eabi-8-2018-q4-major/bin/../lib/gcc/arm-none-eabi/8.2.1/thumb/v7e-m/nofp/libgcc.a(_udivmoddi4.o)
                                          0x8 (size before relaxing)
                0x000000000001f210                __exidx_end = .
                0x000000000001f210                __etext = .

.rel.dyn        0x000000000001f210        0x0
 .rel.iplt      0x000000000001f210        0x0 /home/fbar/gcc-arm-none-eabi-8-2018-q4-major/bin/../lib/gcc/arm-none-eabi/8.2.1/thumb/v7e-m/nofp/crtbegin.o

.data           0x0000000020002500       0xa0 load address 0x000000000001f210
                0x0000000020002500                __data_start__ = .
 *(vtable)
 *(.data*)
 .data.log_backend_cb_rtt_log_backend
                0x0000000020002500        0x8 _build/nrf52810_xxaa/nrf_log_default_backends.c.o
 .data.SystemCoreClock
                0x0000000020002508        0x4 _build/nrf52810_xxaa/system_nrf52810.c.o
                0x0000000020002508                SystemCoreClock
 .data.m_adv_uuids
                0x000000002000250c        0x4 _build/nrf52810_xxaa/main.c.o
 .data.m_conn_handle
                0x0000000020002510        0x2 _build/nrf52810_xxaa/main.c.o
 *fill*         0x0000000020002512        0x2 
 .data.m_nus    0x0000000020002514       0x1c _build/nrf52810_xxaa/main.c.o
 .data.m_nus_link_ctx_storage
                0x0000000020002530        0x8 _build/nrf52810_xxaa/main.c.o
 .data.impure_data
                0x0000000020002538       0x60 /home/fbar/gcc-arm-none-eabi-8-2018-q4-major/bin/../lib/gcc/arm-none-eabi/8.2.1/../../../../arm-none-eabi/lib/thumb/v7e-m/nofp/libc_nano.a(lib_a-impure.o)
                0x0000000020002598                . = ALIGN (0x4)
                0x0000000020002598                PROVIDE (__preinit_array_start = .)
 *(.preinit_array)
                0x0000000020002598                PROVIDE (__preinit_array_end = .)
                0x0000000020002598                . = ALIGN (0x4)
                0x0000000020002598                PROVIDE (__init_array_start = .)
 *(SORT_BY_NAME(.init_array.*))
 *(.init_array)
 .init_array    0x0000000020002598        0x4 /home/fbar/gcc-arm-none-eabi-8-2018-q4-major/bin/../lib/gcc/arm-none-eabi/8.2.1/thumb/v7e-m/nofp/crtbegin.o
                0x000000002000259c                PROVIDE (__init_array_end = .)
                0x000000002000259c                . = ALIGN (0x4)
                [!provide]                        PROVIDE (__fini_array_start = .)
 *(SORT_BY_NAME(.fini_array.*))
 *(.fini_array)
 .fini_array    0x000000002000259c        0x4 /home/fbar/gcc-arm-none-eabi-8-2018-q4-major/bin/../lib/gcc/arm-none-eabi/8.2.1/thumb/v7e-m/nofp/crtbegin.o
                [!provide]                        PROVIDE (__fini_array_end = .)
 *(.jcr*)
                0x00000000200025a0                . = ALIGN (0x4)
                0x00000000200025a0                __data_end__ = .
LOAD /home/fbar/gcc-arm-none-eabi-8-2018-q4-major/bin/../lib/gcc/arm-none-eabi/8.2.1/thumb/v7e-m/nofp/crti.o
LOAD /home/fbar/gcc-arm-none-eabi-8-2018-q4-major/bin/../lib/gcc/arm-none-eabi/8.2.1/thumb/v7e-m/nofp/crtbegin.o
LOAD /home/fbar/gcc-arm-none-eabi-8-2018-q4-major/bin/../lib/gcc/arm-none-eabi/8.2.1/../../../../arm-none-eabi/lib/thumb/v7e-m/nofp/crt0.o
LOAD _build/nrf52810_xxaa/gcc_startup_nrf52810.S.o
LOAD _build/nrf52810_xxaa/nrf_log_backend_rtt.c.o
LOAD _build/nrf52810_xxaa/nrf_log_backend_serial.c.o
LOAD _build/nrf52810_xxaa/nrf_log_default_backends.c.o
LOAD _build/nrf52810_xxaa/nrf_log_frontend.c.o
LOAD _build/nrf52810_xxaa/nrf_log_str_formatter.c.o
LOAD _build/nrf52810_xxaa/app_button.c.o
LOAD _build/nrf52810_xxaa/app_error.c.o
LOAD _build/nrf52810_xxaa/app_error_handler_gcc.c.o
LOAD _build/nrf52810_xxaa/app_error_weak.c.o
LOAD _build/nrf52810_xxaa/app_fifo.c.o
LOAD _build/nrf52810_xxaa/app_scheduler.c.o
LOAD _build/nrf52810_xxaa/app_timer.c.o
LOAD _build/nrf52810_xxaa/app_uart_fifo.c.o
LOAD _build/nrf52810_xxaa/app_util_platform.c.o
LOAD _build/nrf52810_xxaa/hardfault_implementation.c.o
LOAD _build/nrf52810_xxaa/nrf_assert.c.o
LOAD _build/nrf52810_xxaa/nrf_atfifo.c.o
LOAD _build/nrf52810_xxaa/nrf_atflags.c.o
LOAD _build/nrf52810_xxaa/nrf_atomic.c.o
LOAD _build/nrf52810_xxaa/nrf_balloc.c.o
LOAD _build/nrf52810_xxaa/nrf_fprintf.c.o
LOAD _build/nrf52810_xxaa/nrf_fprintf_format.c.o
LOAD _build/nrf52810_xxaa/nrf_memobj.c.o
LOAD _build/nrf52810_xxaa/nrf_pwr_mgmt.c.o
LOAD _build/nrf52810_xxaa/nrf_ringbuf.c.o
LOAD _build/nrf52810_xxaa/nrf_section_iter.c.o
LOAD _build/nrf52810_xxaa/nrf_strerror.c.o
LOAD _build/nrf52810_xxaa/retarget.c.o
LOAD _build/nrf52810_xxaa/system_nrf52810.c.o
LOAD _build/nrf52810_xxaa/boards.c.o
LOAD _build/nrf52810_xxaa/nrf_drv_spi.c.o
LOAD _build/nrf52810_xxaa/nrf_drv_twi.c.o
LOAD _build/nrf52810_xxaa/nrf_drv_clock.c.o
LOAD _build/nrf52810_xxaa/nrf_drv_uart.c.o
LOAD _build/nrf52810_xxaa/nrfx_atomic.c.o
LOAD _build/nrf52810_xxaa/nrfx_spi.c.o
LOAD _build/nrf52810_xxaa/nrfx_spim.c.o
LOAD _build/nrf52810_xxaa/nrfx_twi.c.o
LOAD _build/nrf52810_xxaa/nrfx_twim.c.o
LOAD _build/nrf52810_xxaa/nrfx_clock.c.o
LOAD _build/nrf52810_xxaa/nrfx_gpiote.c.o
LOAD _build/nrf52810_xxaa/nrfx_prs.c.o
LOAD _build/nrf52810_xxaa/nrfx_uart.c.o
LOAD _build/nrf52810_xxaa/nrfx_uarte.c.o
LOAD _build/nrf52810_xxaa/bsp.c.o
LOAD _build/nrf52810_xxaa/bsp_btn_ble.c.o
LOAD _build/nrf52810_xxaa/main.c.o
LOAD _build/nrf52810_xxaa/SEGGER_RTT.c.o
LOAD _build/nrf52810_xxaa/SEGGER_RTT_Syscalls_GCC.c.o
LOAD _build/nrf52810_xxaa/SEGGER_RTT_printf.c.o
LOAD _build/nrf52810_xxaa/ble_advdata.c.o
LOAD _build/nrf52810_xxaa/ble_advertising.c.o
LOAD _build/nrf52810_xxaa/ble_conn_params.c.o
LOAD _build/nrf52810_xxaa/ble_conn_state.c.o
LOAD _build/nrf52810_xxaa/ble_link_ctx_manager.c.o
LOAD _build/nrf52810_xxaa/ble_srv_common.c.o
LOAD _build/nrf52810_xxaa/nrf_ble_gatt.c.o
LOAD _build/nrf52810_xxaa/nrf_ble_qwr.c.o
LOAD _build/nrf52810_xxaa/utf.c.o
LOAD _build/nrf52810_xxaa/ble_nus.c.o
LOAD _build/nrf52810_xxaa/nrf_sdh.c.o
LOAD _build/nrf52810_xxaa/nrf_sdh_ble.c.o
LOAD _build/nrf52810_xxaa/nrf_sdh_soc.c.o
LOAD /home/fbar/gcc-arm-none-eabi-8-2018-q4-major/bin/../lib/gcc/arm-none-eabi/8.2.1/../../../../arm-none-eabi/lib/thumb/v7e-m/nofp/libc_nano.a
LOAD /home/fbar/gcc-arm-none-eabi-8-2018-q4-major/bin/../lib/gcc/arm-none-eabi/8.2.1/../../../../arm-none-eabi/lib/thumb/v7e-m/nofp/libnosys.a
LOAD /home/fbar/gcc-arm-none-eabi-8-2018-q4-major/bin/../lib/gcc/arm-none-eabi/8.2.1/../../../../arm-none-eabi/lib/thumb/v7e-m/nofp/libm.a
START GROUP
LOAD /home/fbar/gcc-arm-none-eabi-8-2018-q4-major/bin/../lib/gcc/arm-none-eabi/8.2.1/thumb/v7e-m/nofp/libgcc.a
LOAD /home/fbar/gcc-arm-none-eabi-8-2018-q4-major/bin/../lib/gcc/arm-none-eabi/8.2.1/../../../../arm-none-eabi/lib/thumb/v7e-m/nofp/libg_nano.a
LOAD /home/fbar/gcc-arm-none-eabi-8-2018-q4-major/bin/../lib/gcc/arm-none-eabi/8.2.1/../../../../arm-none-eabi/lib/thumb/v7e-m/nofp/libc_nano.a
END GROUP
START GROUP
LOAD /home/fbar/gcc-arm-none-eabi-8-2018-q4-major/bin/../lib/gcc/arm-none-eabi/8.2.1/thumb/v7e-m/nofp/libgcc.a
LOAD /home/fbar/gcc-arm-none-eabi-8-2018-q4-major/bin/../lib/gcc/arm-none-eabi/8.2.1/../../../../arm-none-eabi/lib/thumb/v7e-m/nofp/libc_nano.a
END GROUP
LOAD /home/fbar/gcc-arm-none-eabi-8-2018-q4-major/bin/../lib/gcc/arm-none-eabi/8.2.1/thumb/v7e-m/nofp/crtend.o
LOAD /home/fbar/gcc-arm-none-eabi-8-2018-q4-major/bin/../lib/gcc/arm-none-eabi/8.2.1/thumb/v7e-m/nofp/crtn.o
START GROUP
LOAD /home/fbar/gcc-arm-none-eabi-8-2018-q4-major/bin/../lib/gcc/arm-none-eabi/8.2.1/thumb/v7e-m/nofp/libgcc.a
LOAD /home/fbar/gcc-arm-none-eabi-8-2018-q4-major/bin/../lib/gcc/arm-none-eabi/8.2.1/../../../../arm-none-eabi/lib/thumb/v7e-m/nofp/libc.a
LOAD /home/fbar/gcc-arm-none-eabi-8-2018-q4-major/bin/../lib/gcc/arm-none-eabi/8.2.1/../../../../arm-none-eabi/lib/thumb/v7e-m/nofp/libnosys.a
END GROUP

.igot.plt       0x00000000200025a0        0x0 load address 0x000000000001f2b0
 .igot.plt      0x00000000200025a0        0x0 /home/fbar/gcc-arm-none-eabi-8-2018-q4-major/bin/../lib/gcc/arm-none-eabi/8.2.1/thumb/v7e-m/nofp/crtbegin.o
                0x00000000200025a0                . = ALIGN (0x4)

.mem_section_dummy_ram

.cli_sorted_cmd_ptrs
                0x00000000200025a0        0x0
                [!provide]                        PROVIDE (__start_cli_sorted_cmd_ptrs = .)
 *(.cli_sorted_cmd_ptrs)
                [!provide]                        PROVIDE (__stop_cli_sorted_cmd_ptrs = .)

.fs_data        0x00000000200025a0        0x0
                [!provide]                        PROVIDE (__start_fs_data = .)
 *(.fs_data)
                [!provide]                        PROVIDE (__stop_fs_data = .)

.log_dynamic_data
                0x00000000200025a0        0x0
                0x00000000200025a0                PROVIDE (__start_log_dynamic_data = .)
 *(SORT_BY_NAME(.log_dynamic_data*))
                [!provide]                        PROVIDE (__stop_log_dynamic_data = .)

.log_filter_data
                0x00000000200025a0        0x0
                [!provide]                        PROVIDE (__start_log_filter_data = .)
 *(SORT_BY_NAME(.log_filter_data*))
                [!provide]                        PROVIDE (__stop_log_filter_data = .)

.bss            0x00000000200025a0      0xa24 load address 0x000000000001f2b0
                0x00000000200025a0                . = ALIGN (0x4)
                0x00000000200025a0                __bss_start__ = .
 *(.bss*)
 .bss           0x00000000200025a0       0x1c /home/fbar/gcc-arm-none-eabi-8-2018-q4-major/bin/../lib/gcc/arm-none-eabi/8.2.1/thumb/v7e-m/nofp/crtbegin.o
 .bss.m_host_present
                0x00000000200025bc        0x1 _build/nrf52810_xxaa/nrf_log_backend_rtt.c.o
 .bss.m_string_buff
                0x00000000200025bd       0x40 _build/nrf52810_xxaa/nrf_log_backend_rtt.c.o
 *fill*         0x00000000200025fd        0x3 
 .bss.log_mempool_nrf_balloc_cb
                0x0000000020002600        0x8 _build/nrf52810_xxaa/nrf_log_frontend.c.o
 .bss.log_mempool_nrf_balloc_pool_mem
                0x0000000020002608       0xc0 _build/nrf52810_xxaa/nrf_log_frontend.c.o
 .bss.log_mempool_nrf_balloc_pool_stack
                0x00000000200026c8        0x8 _build/nrf52810_xxaa/nrf_log_frontend.c.o
 .bss.m_log_data
                0x00000000200026d0      0x424 _build/nrf52810_xxaa/nrf_log_frontend.c.o
 .bss.m_op_queue
                0x0000000020002af4      0x10c _build/nrf52810_xxaa/app_timer.c.o
 .bss.m_rtc1_reset
                0x0000000020002c00        0x1 _build/nrf52810_xxaa/app_timer.c.o
 .bss.m_rtc1_running
                0x0000000020002c01        0x1 _build/nrf52810_xxaa/app_timer.c.o
 *fill*         0x0000000020002c02        0x2 
 .bss.m_ticks_elapsed
                0x0000000020002c04        0x8 _build/nrf52810_xxaa/app_timer.c.o
 .bss.m_ticks_elapsed_q_read_ind
                0x0000000020002c0c        0x1 _build/nrf52810_xxaa/app_timer.c.o
 .bss.m_ticks_elapsed_q_write_ind
                0x0000000020002c0d        0x1 _build/nrf52810_xxaa/app_timer.c.o
 *fill*         0x0000000020002c0e        0x2 
 .bss.m_ticks_latest
                0x0000000020002c10        0x4 _build/nrf52810_xxaa/app_timer.c.o
 .bss.mp_timer_id_head
                0x0000000020002c14        0x4 _build/nrf52810_xxaa/app_timer.c.o
 .bss.m_contexts
                0x0000000020002c18        0x4 _build/nrf52810_xxaa/nrf_drv_spi.c.o
 .bss.m_handlers
                0x0000000020002c1c        0x4 _build/nrf52810_xxaa/nrf_drv_spi.c.o
 .bss.m_contexts
                0x0000000020002c20        0x4 _build/nrf52810_xxaa/nrf_drv_twi.c.o
 .bss.m_handlers
                0x0000000020002c24        0x4 _build/nrf52810_xxaa/nrf_drv_twi.c.o
 .bss.m_clock_cb
                0x0000000020002c28       0x14 _build/nrf52810_xxaa/nrf_drv_clock.c.o
 .bss.m_cb      0x0000000020002c3c       0x24 _build/nrf52810_xxaa/nrfx_spim.c.o
 .bss.m_cb      0x0000000020002c60       0x3c _build/nrf52810_xxaa/nrfx_twi.c.o
 .bss.m_clock_cb
                0x0000000020002c9c        0x8 _build/nrf52810_xxaa/nrfx_clock.c.o
 .bss.m_cb      0x0000000020002ca4       0x5c _build/nrf52810_xxaa/nrfx_gpiote.c.o
 .bss.m_prs_box_2
                0x0000000020002d00        0x8 _build/nrf52810_xxaa/nrfx_prs.c.o
 .bss.m_cb      0x0000000020002d08       0x2c _build/nrf52810_xxaa/nrfx_uart.c.o
 .bss.m_alert_on
                0x0000000020002d34        0x1 _build/nrf52810_xxaa/bsp.c.o
 *fill*         0x0000000020002d35        0x3 
 .bss.m_bsp_alert_tmr_data
                0x0000000020002d38       0x20 _build/nrf52810_xxaa/bsp.c.o
 .bss.m_bsp_leds_tmr_data
                0x0000000020002d58       0x20 _build/nrf52810_xxaa/bsp.c.o
 .bss.m_events_list
                0x0000000020002d78        0xc _build/nrf52810_xxaa/bsp.c.o
 .bss.m_indication_type
                0x0000000020002d84        0x4 _build/nrf52810_xxaa/bsp.c.o
 .bss.m_leds_clear
                0x0000000020002d88        0x1 _build/nrf52810_xxaa/bsp.c.o
 .bss.m_stable_state
                0x0000000020002d89        0x1 _build/nrf52810_xxaa/bsp.c.o
 *fill*         0x0000000020002d8a        0x2 
 .bss.m_error_handler
                0x0000000020002d8c        0x4 _build/nrf52810_xxaa/bsp_btn_ble.c.o
 .bss.m_num_connections
                0x0000000020002d90        0x4 _build/nrf52810_xxaa/bsp_btn_ble.c.o
 .bss.m_advertising
                0x0000000020002d94       0xb8 _build/nrf52810_xxaa/main.c.o
 .bss.m_gatt    0x0000000020002e4c       0x10 _build/nrf52810_xxaa/main.c.o
 .bss.m_nus_link_ctx_storage_ctx_data_pool
                0x0000000020002e5c        0x4 _build/nrf52810_xxaa/main.c.o
 .bss.m_qwr     0x0000000020002e60        0xc _build/nrf52810_xxaa/main.c.o
 .bss.m_conn_params_config
                0x0000000020002e6c       0x1c _build/nrf52810_xxaa/ble_conn_params.c.o
 .bss.m_conn_params_instances
                0x0000000020002e88       0x14 _build/nrf52810_xxaa/ble_conn_params.c.o
 .bss.m_preferred_conn_params
                0x0000000020002e9c        0x8 _build/nrf52810_xxaa/ble_conn_params.c.o
 .bss.m_timer_data
                0x0000000020002ea4       0x20 _build/nrf52810_xxaa/ble_conn_params.c.o
 .bss.m_bcs     0x0000000020002ec4       0x78 _build/nrf52810_xxaa/ble_conn_state.c.o
 .bss.m_nrf_sdh_continue
                0x0000000020002f3c        0x1 _build/nrf52810_xxaa/nrf_sdh.c.o
 .bss.m_nrf_sdh_enabled
                0x0000000020002f3d        0x1 _build/nrf52810_xxaa/nrf_sdh.c.o
 .bss.m_nrf_sdh_suspended
                0x0000000020002f3e        0x1 _build/nrf52810_xxaa/nrf_sdh.c.o
 .bss.m_stack_is_enabled
                0x0000000020002f3f        0x1 _build/nrf52810_xxaa/nrf_sdh_ble.c.o
 *(COMMON)
 COMMON         0x0000000020002f40        0xc _build/nrf52810_xxaa/app_util_platform.c.o
                0x0000000020002f40                nrf_nvic_state
 COMMON         0x0000000020002f4c       0x78 _build/nrf52810_xxaa/SEGGER_RTT.c.o
                0x0000000020002f4c                _SEGGER_RTT
                0x0000000020002fc4                . = ALIGN (0x4)
                0x0000000020002fc4                __bss_end__ = .

.heap           0x0000000020002fc8      0x800
                0x0000000020002fc8                __HeapBase = .
                0x0000000020002fc8                __end__ = .
                [!provide]                        PROVIDE (end = .)
 *(.heap*)
 .heap          0x0000000020002fc8      0x800 _build/nrf52810_xxaa/gcc_startup_nrf52810.S.o
                0x00000000200037c8                __HeapLimit = .

.stack_dummy    0x0000000020002fc8      0x800
 *(.stack*)
 .stack         0x0000000020002fc8      0x800 _build/nrf52810_xxaa/gcc_startup_nrf52810.S.o
                0x0000000020006000                __StackTop = (ORIGIN (RAM) + LENGTH (RAM))
                0x0000000020005800                __StackLimit = (__StackTop - SIZEOF (.stack_dummy))
                0x0000000020006000                PROVIDE (__stack = __StackTop)
                0x0000000000000001                ASSERT ((__StackLimit >= __HeapLimit), region RAM overflowed with stack)
                0x00000000000000a0                DataInitFlashUsed = (__bss_start__ - __data_start__)
                0x0000000000006210                CodeFlashUsed = (__etext - ORIGIN (FLASH))
                0x00000000000062b0                TotalFlashUsed = (CodeFlashUsed + DataInitFlashUsed)
                0x0000000000000001                ASSERT ((TotalFlashUsed <= LENGTH (FLASH)), region FLASH overflowed with .data and user data)
OUTPUT(_build/nrf52810_xxaa.out elf32-littlearm)

.ARM.attributes
                0x0000000000000000       0x2a
 .ARM.attributes
                0x0000000000000000       0x1e /home/fbar/gcc-arm-none-eabi-8-2018-q4-major/bin/../lib/gcc/arm-none-eabi/8.2.1/thumb/v7e-m/nofp/crti.o
 .ARM.attributes
                0x000000000000001e       0x2e /home/fbar/gcc-arm-none-eabi-8-2018-q4-major/bin/../lib/gcc/arm-none-eabi/8.2.1/thumb/v7e-m/nofp/crtbegin.o
 .ARM.attributes
                0x000000000000004c       0x1c /home/fbar/gcc-arm-none-eabi-8-2018-q4-major/bin/../lib/gcc/arm-none-eabi/8.2.1/../../../../arm-none-eabi/lib/thumb/v7e-m/nofp/crt0.o
 .ARM.attributes
                0x0000000000000068       0x1c _build/nrf52810_xxaa/gcc_startup_nrf52810.S.o
 .ARM.attributes
                0x0000000000000084       0x2e _build/nrf52810_xxaa/nrf_log_backend_rtt.c.o
 .ARM.attributes
                0x00000000000000b2       0x2e _build/nrf52810_xxaa/nrf_log_backend_serial.c.o
 .ARM.attributes
                0x00000000000000e0       0x2e _build/nrf52810_xxaa/nrf_log_default_backends.c.o
 .ARM.attributes
                0x000000000000010e       0x2e _build/nrf52810_xxaa/nrf_log_frontend.c.o
 .ARM.attributes
                0x000000000000013c       0x2e _build/nrf52810_xxaa/nrf_log_str_formatter.c.o
 .ARM.attributes
                0x000000000000016a       0x2e _build/nrf52810_xxaa/app_error.c.o
 .ARM.attributes
                0x0000000000000198       0x2e _build/nrf52810_xxaa/app_error_weak.c.o
 .ARM.attributes
                0x00000000000001c6       0x2e _build/nrf52810_xxaa/app_timer.c.o
 .ARM.attributes
                0x00000000000001f4       0x2e _build/nrf52810_xxaa/app_util_platform.c.o
 .ARM.attributes
                0x0000000000000222       0x2e _build/nrf52810_xxaa/nrf_atflags.c.o
 .ARM.attributes
                0x0000000000000250       0x2e _build/nrf52810_xxaa/nrf_atomic.c.o
 .ARM.attributes
                0x000000000000027e       0x2e _build/nrf52810_xxaa/nrf_balloc.c.o
 .ARM.attributes
                0x00000000000002ac       0x2e _build/nrf52810_xxaa/nrf_fprintf.c.o
 .ARM.attributes
                0x00000000000002da       0x2e _build/nrf52810_xxaa/nrf_fprintf_format.c.o
 .ARM.attributes
                0x0000000000000308       0x2e _build/nrf52810_xxaa/nrf_memobj.c.o
 .ARM.attributes
                0x0000000000000336       0x2e _build/nrf52810_xxaa/nrf_pwr_mgmt.c.o
 .ARM.attributes
                0x0000000000000364       0x2e _build/nrf52810_xxaa/nrf_section_iter.c.o
 .ARM.attributes
                0x0000000000000392       0x2e _build/nrf52810_xxaa/nrf_strerror.c.o
 .ARM.attributes
                0x00000000000003c0       0x2e _build/nrf52810_xxaa/system_nrf52810.c.o
 .ARM.attributes
                0x00000000000003ee       0x2e _build/nrf52810_xxaa/boards.c.o
 .ARM.attributes
                0x000000000000041c       0x2e _build/nrf52810_xxaa/nrf_drv_spi.c.o
 .ARM.attributes
                0x000000000000044a       0x2e _build/nrf52810_xxaa/nrf_drv_twi.c.o
 .ARM.attributes
                0x0000000000000478       0x2e _build/nrf52810_xxaa/nrf_drv_clock.c.o
 .ARM.attributes
                0x00000000000004a6       0x2e _build/nrf52810_xxaa/nrfx_spim.c.o
 .ARM.attributes
                0x00000000000004d4       0x2e _build/nrf52810_xxaa/nrfx_twi.c.o
 .ARM.attributes
                0x0000000000000502       0x2e _build/nrf52810_xxaa/nrfx_clock.c.o
 .ARM.attributes
                0x0000000000000530       0x2e _build/nrf52810_xxaa/nrfx_gpiote.c.o
 .ARM.attributes
                0x000000000000055e       0x2e _build/nrf52810_xxaa/nrfx_prs.c.o
 .ARM.attributes
                0x000000000000058c       0x2e _build/nrf52810_xxaa/nrfx_uart.c.o
 .ARM.attributes
                0x00000000000005ba       0x2e _build/nrf52810_xxaa/nrfx_uarte.c.o
 .ARM.attributes
                0x00000000000005e8       0x2e _build/nrf52810_xxaa/bsp.c.o
 .ARM.attributes
                0x0000000000000616       0x2e _build/nrf52810_xxaa/bsp_btn_ble.c.o
 .ARM.attributes
                0x0000000000000644       0x2e _build/nrf52810_xxaa/main.c.o
 .ARM.attributes
                0x0000000000000672       0x2e _build/nrf52810_xxaa/SEGGER_RTT.c.o
 .ARM.attributes
                0x00000000000006a0       0x2e _build/nrf52810_xxaa/ble_advdata.c.o
 .ARM.attributes
                0x00000000000006ce       0x2e _build/nrf52810_xxaa/ble_advertising.c.o
 .ARM.attributes
                0x00000000000006fc       0x2e _build/nrf52810_xxaa/ble_conn_params.c.o
 .ARM.attributes
                0x000000000000072a       0x2e _build/nrf52810_xxaa/ble_conn_state.c.o
 .ARM.attributes
                0x0000000000000758       0x2e _build/nrf52810_xxaa/ble_link_ctx_manager.c.o
 .ARM.attributes
                0x0000000000000786       0x2e _build/nrf52810_xxaa/ble_srv_common.c.o
 .ARM.attributes
                0x00000000000007b4       0x2e _build/nrf52810_xxaa/nrf_ble_gatt.c.o
 .ARM.attributes
                0x00000000000007e2       0x2e _build/nrf52810_xxaa/nrf_ble_qwr.c.o
 .ARM.attributes
                0x0000000000000810       0x2e _build/nrf52810_xxaa/ble_nus.c.o
 .ARM.attributes
                0x000000000000083e       0x2e _build/nrf52810_xxaa/nrf_sdh.c.o
 .ARM.attributes
                0x000000000000086c       0x2e _build/nrf52810_xxaa/nrf_sdh_ble.c.o
 .ARM.attributes
                0x000000000000089a       0x2e _build/nrf52810_xxaa/nrf_sdh_soc.c.o
 .ARM.attributes
                0x00000000000008c8       0x2e /home/fbar/gcc-arm-none-eabi-8-2018-q4-major/bin/../lib/gcc/arm-none-eabi/8.2.1/../../../../arm-none-eabi/lib/thumb/v7e-m/nofp/libc_nano.a(lib_a-ctype_.o)
 .ARM.attributes
                0x00000000000008f6       0x2e /home/fbar/gcc-arm-none-eabi-8-2018-q4-major/bin/../lib/gcc/arm-none-eabi/8.2.1/../../../../arm-none-eabi/lib/thumb/v7e-m/nofp/libc_nano.a(lib_a-exit.o)
 .ARM.attributes
                0x0000000000000924       0x2e /home/fbar/gcc-arm-none-eabi-8-2018-q4-major/bin/../lib/gcc/arm-none-eabi/8.2.1/../../../../arm-none-eabi/lib/thumb/v7e-m/nofp/libc_nano.a(lib_a-impure.o)
 .ARM.attributes
                0x0000000000000952       0x2e /home/fbar/gcc-arm-none-eabi-8-2018-q4-major/bin/../lib/gcc/arm-none-eabi/8.2.1/../../../../arm-none-eabi/lib/thumb/v7e-m/nofp/libc_nano.a(lib_a-init.o)
 .ARM.attributes
                0x0000000000000980       0x2e /home/fbar/gcc-arm-none-eabi-8-2018-q4-major/bin/../lib/gcc/arm-none-eabi/8.2.1/../../../../arm-none-eabi/lib/thumb/v7e-m/nofp/libc_nano.a(lib_a-memcpy-stub.o)
 .ARM.attributes
                0x00000000000009ae       0x2e /home/fbar/gcc-arm-none-eabi-8-2018-q4-major/bin/../lib/gcc/arm-none-eabi/8.2.1/../../../../arm-none-eabi/lib/thumb/v7e-m/nofp/libc_nano.a(lib_a-memset.o)
 .ARM.attributes
                0x00000000000009dc       0x17 /home/fbar/gcc-arm-none-eabi-8-2018-q4-major/bin/../lib/gcc/arm-none-eabi/8.2.1/../../../../arm-none-eabi/lib/thumb/v7e-m/nofp/libc_nano.a(lib_a-strlen.o)
 .ARM.attributes
                0x00000000000009f3       0x2e /home/fbar/gcc-arm-none-eabi-8-2018-q4-major/bin/../lib/gcc/arm-none-eabi/8.2.1/../../../../arm-none-eabi/lib/thumb/v7e-m/nofp/libnosys.a(_exit.o)
 .ARM.attributes
                0x0000000000000a21       0x1e /home/fbar/gcc-arm-none-eabi-8-2018-q4-major/bin/../lib/gcc/arm-none-eabi/8.2.1/thumb/v7e-m/nofp/libgcc.a(_aeabi_uldivmod.o)
 .ARM.attributes
                0x0000000000000a3f       0x2e /home/fbar/gcc-arm-none-eabi-8-2018-q4-major/bin/../lib/gcc/arm-none-eabi/8.2.1/thumb/v7e-m/nofp/libgcc.a(_udivmoddi4.o)
 .ARM.attributes
                0x0000000000000a6d       0x1e /home/fbar/gcc-arm-none-eabi-8-2018-q4-major/bin/../lib/gcc/arm-none-eabi/8.2.1/thumb/v7e-m/nofp/libgcc.a(_dvmd_tls.o)
 .ARM.attributes
                0x0000000000000a8b       0x2e /home/fbar/gcc-arm-none-eabi-8-2018-q4-major/bin/../lib/gcc/arm-none-eabi/8.2.1/thumb/v7e-m/nofp/crtend.o
 .ARM.attributes
                0x0000000000000ab9       0x1e /home/fbar/gcc-arm-none-eabi-8-2018-q4-major/bin/../lib/gcc/arm-none-eabi/8.2.1/thumb/v7e-m/nofp/crtn.o

.comment        0x0000000000000000       0x75
 .comment       0x0000000000000000       0x75 _build/nrf52810_xxaa/nrf_log_backend_rtt.c.o
                                         0x76 (size before relaxing)
 .comment       0x0000000000000075       0x76 _build/nrf52810_xxaa/nrf_log_backend_serial.c.o
 .comment       0x0000000000000075       0x76 _build/nrf52810_xxaa/nrf_log_default_backends.c.o
 .comment       0x0000000000000075       0x76 _build/nrf52810_xxaa/nrf_log_frontend.c.o
 .comment       0x0000000000000075       0x76 _build/nrf52810_xxaa/nrf_log_str_formatter.c.o
 .comment       0x0000000000000075       0x76 _build/nrf52810_xxaa/app_error.c.o
 .comment       0x0000000000000075       0x76 _build/nrf52810_xxaa/app_error_weak.c.o
 .comment       0x0000000000000075       0x76 _build/nrf52810_xxaa/app_timer.c.o
 .comment       0x0000000000000075       0x76 _build/nrf52810_xxaa/app_util_platform.c.o
 .comment       0x0000000000000075       0x76 _build/nrf52810_xxaa/nrf_atflags.c.o
 .comment       0x0000000000000075       0x76 _build/nrf52810_xxaa/nrf_atomic.c.o
 .comment       0x0000000000000075       0x76 _build/nrf52810_xxaa/nrf_balloc.c.o
 .comment       0x0000000000000075       0x76 _build/nrf52810_xxaa/nrf_fprintf.c.o
 .comment       0x0000000000000075       0x76 _build/nrf52810_xxaa/nrf_fprintf_format.c.o
 .comment       0x0000000000000075       0x76 _build/nrf52810_xxaa/nrf_memobj.c.o
 .comment       0x0000000000000075       0x76 _build/nrf52810_xxaa/nrf_pwr_mgmt.c.o
 .comment       0x0000000000000075       0x76 _build/nrf52810_xxaa/nrf_section_iter.c.o
 .comment       0x0000000000000075       0x76 _build/nrf52810_xxaa/nrf_strerror.c.o
 .comment       0x0000000000000075       0x76 _build/nrf52810_xxaa/system_nrf52810.c.o
 .comment       0x0000000000000075       0x76 _build/nrf52810_xxaa/boards.c.o
 .comment       0x0000000000000075       0x76 _build/nrf52810_xxaa/nrf_drv_spi.c.o
 .comment       0x0000000000000075       0x76 _build/nrf52810_xxaa/nrf_drv_twi.c.o
 .comment       0x0000000000000075       0x76 _build/nrf52810_xxaa/nrf_drv_clock.c.o
 .comment       0x0000000000000075       0x76 _build/nrf52810_xxaa/nrfx_spim.c.o
 .comment       0x0000000000000075       0x76 _build/nrf52810_xxaa/nrfx_twi.c.o
 .comment       0x0000000000000075       0x76 _build/nrf52810_xxaa/nrfx_clock.c.o
 .comment       0x0000000000000075       0x76 _build/nrf52810_xxaa/nrfx_gpiote.c.o
 .comment       0x0000000000000075       0x76 _build/nrf52810_xxaa/nrfx_prs.c.o
 .comment       0x0000000000000075       0x76 _build/nrf52810_xxaa/nrfx_uart.c.o
 .comment       0x0000000000000075       0x76 _build/nrf52810_xxaa/nrfx_uarte.c.o
 .comment       0x0000000000000075       0x76 _build/nrf52810_xxaa/bsp.c.o
 .comment       0x0000000000000075       0x76 _build/nrf52810_xxaa/bsp_btn_ble.c.o
 .comment       0x0000000000000075       0x76 _build/nrf52810_xxaa/main.c.o
 .comment       0x0000000000000075       0x76 _build/nrf52810_xxaa/SEGGER_RTT.c.o
 .comment       0x0000000000000075       0x76 _build/nrf52810_xxaa/ble_advdata.c.o
 .comment       0x0000000000000075       0x76 _build/nrf52810_xxaa/ble_advertising.c.o
 .comment       0x0000000000000075       0x76 _build/nrf52810_xxaa/ble_conn_params.c.o
 .comment       0x0000000000000075       0x76 _build/nrf52810_xxaa/ble_conn_state.c.o
 .comment       0x0000000000000075       0x76 _build/nrf52810_xxaa/ble_link_ctx_manager.c.o
 .comment       0x0000000000000075       0x76 _build/nrf52810_xxaa/ble_srv_common.c.o
 .comment       0x0000000000000075       0x76 _build/nrf52810_xxaa/nrf_ble_gatt.c.o
 .comment       0x0000000000000075       0x76 _build/nrf52810_xxaa/nrf_ble_qwr.c.o
 .comment       0x0000000000000075       0x76 _build/nrf52810_xxaa/ble_nus.c.o
 .comment       0x0000000000000075       0x76 _build/nrf52810_xxaa/nrf_sdh.c.o
 .comment       0x0000000000000075       0x76 _build/nrf52810_xxaa/nrf_sdh_ble.c.o
 .comment       0x0000000000000075       0x76 _build/nrf52810_xxaa/nrf_sdh_soc.c.o

.debug_line     0x0000000000000000    0x26dc4
 .debug_line    0x0000000000000000       0x9b _build/nrf52810_xxaa/gcc_startup_nrf52810.S.o
 .debug_line    0x000000000000009b      0xc59 _build/nrf52810_xxaa/nrf_log_backend_rtt.c.o
 .debug_line    0x0000000000000cf4      0x9aa _build/nrf52810_xxaa/nrf_log_backend_serial.c.o
 .debug_line    0x000000000000169e      0x88f _build/nrf52810_xxaa/nrf_log_default_backends.c.o
 .debug_line    0x0000000000001f2d     0x15b8 _build/nrf52810_xxaa/nrf_log_frontend.c.o
 .debug_line    0x00000000000034e5      0xa9b _build/nrf52810_xxaa/nrf_log_str_formatter.c.o
 .debug_line    0x0000000000003f80      0x5bf _build/nrf52810_xxaa/app_error.c.o
 .debug_line    0x000000000000453f      0x99c _build/nrf52810_xxaa/app_error_weak.c.o
 .debug_line    0x0000000000004edb     0x14af _build/nrf52810_xxaa/app_timer.c.o
 .debug_line    0x000000000000638a      0x802 _build/nrf52810_xxaa/app_util_platform.c.o
 .debug_line    0x0000000000006b8c      0x876 _build/nrf52810_xxaa/nrf_atflags.c.o
 .debug_line    0x0000000000007402      0x84e _build/nrf52810_xxaa/nrf_atomic.c.o
 .debug_line    0x0000000000007c50      0x9a9 _build/nrf52810_xxaa/nrf_balloc.c.o
 .debug_line    0x00000000000085f9      0x624 _build/nrf52810_xxaa/nrf_fprintf.c.o
 .debug_line    0x0000000000008c1d      0xa57 _build/nrf52810_xxaa/nrf_fprintf_format.c.o
 .debug_line    0x0000000000009674      0xad1 _build/nrf52810_xxaa/nrf_memobj.c.o
 .debug_line    0x000000000000a145      0xfad _build/nrf52810_xxaa/nrf_pwr_mgmt.c.o
 .debug_line    0x000000000000b0f2      0x63c _build/nrf52810_xxaa/nrf_section_iter.c.o
 .debug_line    0x000000000000b72e      0x614 _build/nrf52810_xxaa/nrf_strerror.c.o
 .debug_line    0x000000000000bd42      0x7d2 _build/nrf52810_xxaa/system_nrf52810.c.o
 .debug_line    0x000000000000c514      0xd67 _build/nrf52810_xxaa/boards.c.o
 .debug_line    0x000000000000d27b      0x92d _build/nrf52810_xxaa/nrf_drv_spi.c.o
 .debug_line    0x000000000000dba8      0xb99 _build/nrf52810_xxaa/nrf_drv_twi.c.o
 .debug_line    0x000000000000e741     0x10ec _build/nrf52810_xxaa/nrf_drv_clock.c.o
 .debug_line    0x000000000000f82d     0x15a0 _build/nrf52810_xxaa/nrfx_spim.c.o
 .debug_line    0x0000000000010dcd     0x1896 _build/nrf52810_xxaa/nrfx_twi.c.o
 .debug_line    0x0000000000012663      0xf5f _build/nrf52810_xxaa/nrfx_clock.c.o
 .debug_line    0x00000000000135c2     0x1dfe _build/nrf52810_xxaa/nrfx_gpiote.c.o
 .debug_line    0x00000000000153c0      0xa9f _build/nrf52810_xxaa/nrfx_prs.c.o
 .debug_line    0x0000000000015e5f     0x1ab1 _build/nrf52810_xxaa/nrfx_uart.c.o
 .debug_line    0x0000000000017910     0x18e4 _build/nrf52810_xxaa/nrfx_uarte.c.o
 .debug_line    0x00000000000191f4     0x1015 _build/nrf52810_xxaa/bsp.c.o
 .debug_line    0x000000000001a209      0xbfd _build/nrf52810_xxaa/bsp_btn_ble.c.o
 .debug_line    0x000000000001ae06     0x1ee3 _build/nrf52810_xxaa/main.c.o
 .debug_line    0x000000000001cce9     0x1366 _build/nrf52810_xxaa/SEGGER_RTT.c.o
 .debug_line    0x000000000001e04f     0x108d _build/nrf52810_xxaa/ble_advdata.c.o
 .debug_line    0x000000000001f0dc      0xfb3 _build/nrf52810_xxaa/ble_advertising.c.o
 .debug_line    0x000000000002008f      0xd27 _build/nrf52810_xxaa/ble_conn_params.c.o
 .debug_line    0x0000000000020db6      0xe15 _build/nrf52810_xxaa/ble_conn_state.c.o
 .debug_line    0x0000000000021bcb      0x727 _build/nrf52810_xxaa/ble_link_ctx_manager.c.o
 .debug_line    0x00000000000222f2      0x94b _build/nrf52810_xxaa/ble_srv_common.c.o
 .debug_line    0x0000000000022c3d      0xa83 _build/nrf52810_xxaa/nrf_ble_gatt.c.o
 .debug_line    0x00000000000236c0      0x860 _build/nrf52810_xxaa/nrf_ble_qwr.c.o
 .debug_line    0x0000000000023f20      0xcc7 _build/nrf52810_xxaa/ble_nus.c.o
 .debug_line    0x0000000000024be7      0xd0b _build/nrf52810_xxaa/nrf_sdh.c.o
 .debug_line    0x00000000000258f2      0xc3e _build/nrf52810_xxaa/nrf_sdh_ble.c.o
 .debug_line    0x0000000000026530      0x894 _build/nrf52810_xxaa/nrf_sdh_soc.c.o

.debug_info     0x0000000000000000    0x5949f
 .debug_info    0x0000000000000000       0x26 _build/nrf52810_xxaa/gcc_startup_nrf52810.S.o
 .debug_info    0x0000000000000026     0x1193 _build/nrf52810_xxaa/nrf_log_backend_rtt.c.o
 .debug_info    0x00000000000011b9     0x1224 _build/nrf52810_xxaa/nrf_log_backend_serial.c.o
 .debug_info    0x00000000000023dd      0xd9e _build/nrf52810_xxaa/nrf_log_default_backends.c.o
 .debug_info    0x000000000000317b     0x2d7e _build/nrf52810_xxaa/nrf_log_frontend.c.o
 .debug_info    0x0000000000005ef9     0x13b7 _build/nrf52810_xxaa/nrf_log_str_formatter.c.o
 .debug_info    0x00000000000072b0      0xbac _build/nrf52810_xxaa/app_error.c.o
 .debug_info    0x0000000000007e5c     0x1026 _build/nrf52810_xxaa/app_error_weak.c.o
 .debug_info    0x0000000000008e82     0x25bc _build/nrf52810_xxaa/app_timer.c.o
 .debug_info    0x000000000000b43e     0x12dd _build/nrf52810_xxaa/app_util_platform.c.o
 .debug_info    0x000000000000c71b      0xed2 _build/nrf52810_xxaa/nrf_atflags.c.o
 .debug_info    0x000000000000d5ed     0x1278 _build/nrf52810_xxaa/nrf_atomic.c.o
 .debug_info    0x000000000000e865      0xe8e _build/nrf52810_xxaa/nrf_balloc.c.o
 .debug_info    0x000000000000f6f3      0xb51 _build/nrf52810_xxaa/nrf_fprintf.c.o
 .debug_info    0x0000000000010244     0x1031 _build/nrf52810_xxaa/nrf_fprintf_format.c.o
 .debug_info    0x0000000000011275     0x137b _build/nrf52810_xxaa/nrf_memobj.c.o
 .debug_info    0x00000000000125f0     0x19ec _build/nrf52810_xxaa/nrf_pwr_mgmt.c.o
 .debug_info    0x0000000000013fdc      0xac1 _build/nrf52810_xxaa/nrf_section_iter.c.o
 .debug_info    0x0000000000014a9d      0xafa _build/nrf52810_xxaa/nrf_strerror.c.o
 .debug_info    0x0000000000015597     0x11f2 _build/nrf52810_xxaa/system_nrf52810.c.o
 .debug_info    0x0000000000016789     0x1584 _build/nrf52810_xxaa/boards.c.o
 .debug_info    0x0000000000017d0d     0x178b _build/nrf52810_xxaa/nrf_drv_spi.c.o
 .debug_info    0x0000000000019498     0x1ee3 _build/nrf52810_xxaa/nrf_drv_twi.c.o
 .debug_info    0x000000000001b37b     0x1e2d _build/nrf52810_xxaa/nrf_drv_clock.c.o
 .debug_info    0x000000000001d1a8     0x32db _build/nrf52810_xxaa/nrfx_spim.c.o
 .debug_info    0x0000000000020483     0x36c4 _build/nrf52810_xxaa/nrfx_twi.c.o
 .debug_info    0x0000000000023b47     0x1b11 _build/nrf52810_xxaa/nrfx_clock.c.o
 .debug_info    0x0000000000025658     0x3c9a _build/nrf52810_xxaa/nrfx_gpiote.c.o
 .debug_info    0x00000000000292f2     0x11f9 _build/nrf52810_xxaa/nrfx_prs.c.o
 .debug_info    0x000000000002a4eb     0x3b2f _build/nrf52810_xxaa/nrfx_uart.c.o
 .debug_info    0x000000000002e01a     0x3a64 _build/nrf52810_xxaa/nrfx_uarte.c.o
 .debug_info    0x0000000000031a7e     0x1aef _build/nrf52810_xxaa/bsp.c.o
 .debug_info    0x000000000003356d     0x2317 _build/nrf52810_xxaa/bsp_btn_ble.c.o
 .debug_info    0x0000000000035884     0x7373 _build/nrf52810_xxaa/main.c.o
 .debug_info    0x000000000003cbf7     0x2064 _build/nrf52810_xxaa/SEGGER_RTT.c.o
 .debug_info    0x000000000003ec5b     0x23f9 _build/nrf52810_xxaa/ble_advdata.c.o
 .debug_info    0x0000000000041054     0x355d _build/nrf52810_xxaa/ble_advertising.c.o
 .debug_info    0x00000000000445b1     0x2ce5 _build/nrf52810_xxaa/ble_conn_params.c.o
 .debug_info    0x0000000000047296     0x2ca1 _build/nrf52810_xxaa/ble_conn_state.c.o
 .debug_info    0x0000000000049f37      0xab4 _build/nrf52810_xxaa/ble_link_ctx_manager.c.o
 .debug_info    0x000000000004a9eb     0x164c _build/nrf52810_xxaa/ble_srv_common.c.o
 .debug_info    0x000000000004c037     0x28b1 _build/nrf52810_xxaa/nrf_ble_gatt.c.o
 .debug_info    0x000000000004e8e8     0x249d _build/nrf52810_xxaa/nrf_ble_qwr.c.o
 .debug_info    0x0000000000050d85     0x2d99 _build/nrf52810_xxaa/ble_nus.c.o
 .debug_info    0x0000000000053b1e     0x1b2e _build/nrf52810_xxaa/nrf_sdh.c.o
 .debug_info    0x000000000005564c     0x2eff _build/nrf52810_xxaa/nrf_sdh_ble.c.o
 .debug_info    0x000000000005854b      0xf54 _build/nrf52810_xxaa/nrf_sdh_soc.c.o

.debug_abbrev   0x0000000000000000     0xbeae
 .debug_abbrev  0x0000000000000000       0x14 _build/nrf52810_xxaa/gcc_startup_nrf52810.S.o
 .debug_abbrev  0x0000000000000014      0x382 _build/nrf52810_xxaa/nrf_log_backend_rtt.c.o
 .debug_abbrev  0x0000000000000396      0x2cc _build/nrf52810_xxaa/nrf_log_backend_serial.c.o
 .debug_abbrev  0x0000000000000662      0x294 _build/nrf52810_xxaa/nrf_log_default_backends.c.o
 .debug_abbrev  0x00000000000008f6      0x659 _build/nrf52810_xxaa/nrf_log_frontend.c.o
 .debug_abbrev  0x0000000000000f4f      0x33a _build/nrf52810_xxaa/nrf_log_str_formatter.c.o
 .debug_abbrev  0x0000000000001289      0x276 _build/nrf52810_xxaa/app_error.c.o
 .debug_abbrev  0x00000000000014ff      0x2e9 _build/nrf52810_xxaa/app_error_weak.c.o
 .debug_abbrev  0x00000000000017e8      0x5d4 _build/nrf52810_xxaa/app_timer.c.o
 .debug_abbrev  0x0000000000001dbc      0x3fe _build/nrf52810_xxaa/app_util_platform.c.o
 .debug_abbrev  0x00000000000021ba      0x33a _build/nrf52810_xxaa/nrf_atflags.c.o
 .debug_abbrev  0x00000000000024f4      0x312 _build/nrf52810_xxaa/nrf_atomic.c.o
 .debug_abbrev  0x0000000000002806      0x34f _build/nrf52810_xxaa/nrf_balloc.c.o
 .debug_abbrev  0x0000000000002b55      0x27d _build/nrf52810_xxaa/nrf_fprintf.c.o
 .debug_abbrev  0x0000000000002dd2      0x3c3 _build/nrf52810_xxaa/nrf_fprintf_format.c.o
 .debug_abbrev  0x0000000000003195      0x30b _build/nrf52810_xxaa/nrf_memobj.c.o
 .debug_abbrev  0x00000000000034a0      0x4ab _build/nrf52810_xxaa/nrf_pwr_mgmt.c.o
 .debug_abbrev  0x000000000000394b      0x206 _build/nrf52810_xxaa/nrf_section_iter.c.o
 .debug_abbrev  0x0000000000003b51      0x250 _build/nrf52810_xxaa/nrf_strerror.c.o
 .debug_abbrev  0x0000000000003da1      0x262 _build/nrf52810_xxaa/system_nrf52810.c.o
 .debug_abbrev  0x0000000000004003      0x40f _build/nrf52810_xxaa/boards.c.o
 .debug_abbrev  0x0000000000004412      0x2eb _build/nrf52810_xxaa/nrf_drv_spi.c.o
 .debug_abbrev  0x00000000000046fd      0x460 _build/nrf52810_xxaa/nrf_drv_twi.c.o
 .debug_abbrev  0x0000000000004b5d      0x5e6 _build/nrf52810_xxaa/nrf_drv_clock.c.o
 .debug_abbrev  0x0000000000005143      0x4f3 _build/nrf52810_xxaa/nrfx_spim.c.o
 .debug_abbrev  0x0000000000005636      0x593 _build/nrf52810_xxaa/nrfx_twi.c.o
 .debug_abbrev  0x0000000000005bc9      0x506 _build/nrf52810_xxaa/nrfx_clock.c.o
 .debug_abbrev  0x00000000000060cf      0x63a _build/nrf52810_xxaa/nrfx_gpiote.c.o
 .debug_abbrev  0x0000000000006709      0x37a _build/nrf52810_xxaa/nrfx_prs.c.o
 .debug_abbrev  0x0000000000006a83      0x611 _build/nrf52810_xxaa/nrfx_uart.c.o
 .debug_abbrev  0x0000000000007094      0x594 _build/nrf52810_xxaa/nrfx_uarte.c.o
 .debug_abbrev  0x0000000000007628      0x4c6 _build/nrf52810_xxaa/bsp.c.o
 .debug_abbrev  0x0000000000007aee      0x3ef _build/nrf52810_xxaa/bsp_btn_ble.c.o
 .debug_abbrev  0x0000000000007edd      0x6fd _build/nrf52810_xxaa/main.c.o
 .debug_abbrev  0x00000000000085da      0x3b1 _build/nrf52810_xxaa/SEGGER_RTT.c.o
 .debug_abbrev  0x000000000000898b      0x4c6 _build/nrf52810_xxaa/ble_advdata.c.o
 .debug_abbrev  0x0000000000008e51      0x511 _build/nrf52810_xxaa/ble_advertising.c.o
 .debug_abbrev  0x0000000000009362      0x5db _build/nrf52810_xxaa/ble_conn_params.c.o
 .debug_abbrev  0x000000000000993d      0x57d _build/nrf52810_xxaa/ble_conn_state.c.o
 .debug_abbrev  0x0000000000009eba      0x223 _build/nrf52810_xxaa/ble_link_ctx_manager.c.o
 .debug_abbrev  0x000000000000a0dd      0x3a0 _build/nrf52810_xxaa/ble_srv_common.c.o
 .debug_abbrev  0x000000000000a47d      0x482 _build/nrf52810_xxaa/nrf_ble_gatt.c.o
 .debug_abbrev  0x000000000000a8ff      0x418 _build/nrf52810_xxaa/nrf_ble_qwr.c.o
 .debug_abbrev  0x000000000000ad17      0x493 _build/nrf52810_xxaa/ble_nus.c.o
 .debug_abbrev  0x000000000000b1aa      0x56f _build/nrf52810_xxaa/nrf_sdh.c.o